Archive member included to satisfy reference by file (symbol)

.pio/build/nucleo_f401re/libFrameworkArduino.a(main.cpp.o)
                              c:/users/razie/.platformio/packages/toolchain-gccarmnoneeabi/bin/../lib/gcc/arm-none-eabi/12.3.1/../../../../arm-none-eabi/lib/thumb/v7e-m+fp/hard/crt0.o (main)
.pio/build/nucleo_f401re/libFrameworkArduino.a(startup_stm32yyxx.S.o)
                              (Reset_Handler)
.pio/build/nucleo_f401re/libFrameworkArduino.a(wiring_digital.c.o)
                              .pio/build/nucleo_f401re/lib40d/STM32duino FreeRTOS/STM32FreeRTOS.c.o (pinMode)
.pio/build/nucleo_f401re/libFrameworkArduino.a(WSerial.cpp.o)
                              .pio/build/nucleo_f401re/libFrameworkArduino.a(main.cpp.o) (serialEventRun())
.pio/build/nucleo_f401re/libFrameworkArduino.a(board.c.o)
                              .pio/build/nucleo_f401re/libFrameworkArduino.a(main.cpp.o) (init)
.pio/build/nucleo_f401re/libFrameworkArduino.a(wiring_analog.c.o)
                              .pio/build/nucleo_f401re/libFrameworkArduino.a(wiring_digital.c.o) (g_anOutputPinConfigured)
.pio/build/nucleo_f401re/libFrameworkArduino.a(HardwareSerial.cpp.o)
                              .pio/build/nucleo_f401re/libFrameworkArduino.a(WSerial.cpp.o) (HardwareSerial::available())
.pio/build/nucleo_f401re/libFrameworkArduino.a(Stream.cpp.o)
                              .pio/build/nucleo_f401re/libFrameworkArduino.a(HardwareSerial.cpp.o) (Stream::readBytes(char*, unsigned int))
.pio/build/nucleo_f401re/libFrameworkArduino.a(WString.cpp.o)
                              .pio/build/nucleo_f401re/libFrameworkArduino.a(Stream.cpp.o) (String::String(char const*))
.pio/build/nucleo_f401re/libFrameworkArduino.a(dtostrf.c.o)
                              .pio/build/nucleo_f401re/libFrameworkArduino.a(WString.cpp.o) (dtostrf)
.pio/build/nucleo_f401re/libFrameworkArduino.a(itoa.c.o)
                              .pio/build/nucleo_f401re/libFrameworkArduino.a(WString.cpp.o) (ltoa)
.pio/build/nucleo_f401re/libFrameworkArduino.a(pins_arduino.c.o)
                              .pio/build/nucleo_f401re/libFrameworkArduino.a(wiring_analog.c.o) (analogInputToPinName)
.pio/build/nucleo_f401re/libFrameworkArduino.a(wiring_time.c.o)
                              .pio/build/nucleo_f401re/libFrameworkArduino.a(Stream.cpp.o) (millis)
.pio/build/nucleo_f401re/libFrameworkArduino.a(Print.cpp.o)
                              .pio/build/nucleo_f401re/libFrameworkArduino.a(Stream.cpp.o) (Print::write(unsigned char const*, unsigned int))
.pio/build/nucleo_f401re/libFrameworkArduino.a(hooks.c.o)
                              .pio/build/nucleo_f401re/libFrameworkArduino.a(wiring_time.c.o) (yield)
c:/users/razie/.platformio/packages/toolchain-gccarmnoneeabi/bin/../lib/gcc/arm-none-eabi/12.3.1/thumb/v7e-m+fp/hard\libgcc.a(_arm_muldf3.o)
                              .pio/build/nucleo_f401re/SrcWrapper/src/HardwareTimer.cpp.o (__aeabi_dmul)
c:/users/razie/.platformio/packages/toolchain-gccarmnoneeabi/bin/../lib/gcc/arm-none-eabi/12.3.1/thumb/v7e-m+fp/hard\libgcc.a(_arm_addsubdf3.o)
                              .pio/build/nucleo_f401re/libFrameworkArduino.a(dtostrf.c.o) (__aeabi_dsub)
c:/users/razie/.platformio/packages/toolchain-gccarmnoneeabi/bin/../lib/gcc/arm-none-eabi/12.3.1/thumb/v7e-m+fp/hard\libgcc.a(_arm_muldivdf3.o)
                              .pio/build/nucleo_f401re/SrcWrapper/src/HardwareTimer.cpp.o (__aeabi_ddiv)
c:/users/razie/.platformio/packages/toolchain-gccarmnoneeabi/bin/../lib/gcc/arm-none-eabi/12.3.1/thumb/v7e-m+fp/hard\libgcc.a(_arm_cmpdf2.o)
                              .pio/build/nucleo_f401re/libFrameworkArduino.a(dtostrf.c.o) (__aeabi_dcmplt)
c:/users/razie/.platformio/packages/toolchain-gccarmnoneeabi/bin/../lib/gcc/arm-none-eabi/12.3.1/thumb/v7e-m+fp/hard\libgcc.a(_arm_unorddf2.o)
                              .pio/build/nucleo_f401re/libFrameworkArduino.a(Print.cpp.o) (__aeabi_dcmpun)
c:/users/razie/.platformio/packages/toolchain-gccarmnoneeabi/bin/../lib/gcc/arm-none-eabi/12.3.1/thumb/v7e-m+fp/hard\libgcc.a(_arm_fixdfsi.o)
                              .pio/build/nucleo_f401re/libFrameworkArduino.a(dtostrf.c.o) (__aeabi_d2iz)
c:/users/razie/.platformio/packages/toolchain-gccarmnoneeabi/bin/../lib/gcc/arm-none-eabi/12.3.1/thumb/v7e-m+fp/hard\libgcc.a(_arm_fixunsdfsi.o)
                              .pio/build/nucleo_f401re/SrcWrapper/src/HardwareTimer.cpp.o (__aeabi_d2uiz)
c:/users/razie/.platformio/packages/toolchain-gccarmnoneeabi/bin/../lib/gcc/arm-none-eabi/12.3.1/thumb/v7e-m+fp/hard\libgcc.a(_arm_truncdfsf2.o)
                              .pio/build/nucleo_f401re/libFrameworkArduino.a(Stream.cpp.o) (__aeabi_d2f)
c:/users/razie/.platformio/packages/toolchain-gccarmnoneeabi/bin/../lib/gcc/arm-none-eabi/12.3.1/thumb/v7e-m+fp/hard\libgcc.a(_aeabi_ldivmod.o)
                              .pio/build/nucleo_f401re/SrcWrapper/src/HAL/stm32yyxx_hal_rcc.c.o (__aeabi_ldivmod)
[...]
Memory Configuration

Name             Origin             Length             Attributes
*default*        0x00000000         0xffffffff
RAM              0x20000000         0x00018000         xrw
FLASH            0x08000000         0x00080000         xr

Linker script and memory map

                0x20018000                        _estack = (ORIGIN (RAM) + LENGTH (RAM))
                0x00000200                        _Min_Heap_Size = 0x200
                0x00000400                        _Min_Stack_Size = 0x400

.isr_vector     0x08000000      0x194
                0x08000000                        . = ALIGN (0x4)
 *(.isr_vector)
 .isr_vector    0x08000000      0x194 .pio/build/nucleo_f401re/libFrameworkArduino.a(startup_stm32yyxx.S.o)
                0x08000000                g_pfnVectors
                0x08000194                        . = ALIGN (0x4)

.text           0x080001a0     0x2de4
                0x080001a0                        . = ALIGN (0x4)
 *(.text)
 .text          0x080001a0       0x30 c:/users/razie/.platformio/packages/toolchain-gccarmnoneeabi/bin/../lib/gcc/arm-none-eabi/12.3.1/thumb/v7e-m+fp/hard\libgcc.a(_aeabi_uldivmod.o)
                0x080001a0                __aeabi_uldivmod
 .text          0x080001d0        0x4 c:/users/razie/.platformio/packages/toolchain-gccarmnoneeabi/bin/../lib/gcc/arm-none-eabi/12.3.1/thumb/v7e-m+fp/hard\libgcc.a(_dvmd_tls.o)
                0x080001d0                __aeabi_idiv0
                0x080001d0                __aeabi_ldiv0
 *(.text*)
 .text.__do_global_dtors_aux
                0x080001d4       0x24 c:/users/razie/.platformio/packages/toolchain-gccarmnoneeabi/bin/../lib/gcc/arm-none-eabi/12.3.1/thumb/v7e-m+fp/hard/crtbegin.o
 .text.frame_dummy
                0x080001f8       0x1c c:/users/razie/.platformio/packages/toolchain-gccarmnoneeabi/bin/../lib/gcc/arm-none-eabi/12.3.1/thumb/v7e-m+fp/hard/crtbegin.o
 .text.SystemClock_Config
                0x08000214       0xa0 .pio/build/nucleo_f401re/FrameworkArduinoVariant/variant_NUCLEO_F401RE.cpp.o
                0x08000214                SystemClock_Config
 .text.HAL_MspInit
                0x080002b4        0x2 .pio/build/nucleo_f401re/SrcWrapper/src/HAL/stm32yyxx_hal.c.o
                0x080002b4                HAL_MspInit
 *fill*         0x080002b6        0x2 
 .text.HAL_InitTick
                0x080002b8       0x48 .pio/build/nucleo_f401re/SrcWrapper/src/HAL/stm32yyxx_hal.c.o
                0x080002b8                HAL_InitTick
 .text.HAL_Init
                0x08000300       0x34 .pio/build/nucleo_f401re/SrcWrapper/src/HAL/stm32yyxx_hal.c.o
                0x08000300                HAL_Init
 .text.HAL_IncTick
                0x08000334       0x18 .pio/build/nucleo_f401re/SrcWrapper/src/HAL/stm32yyxx_hal.c.o
                0x08000334                HAL_IncTick
 .text.HAL_GetTick
                0x0800034c        0xc .pio/build/nucleo_f401re/SrcWrapper/src/HAL/stm32yyxx_hal.c.o
                0x0800034c                HAL_GetTick
 .text.HAL_NVIC_SetPriorityGrouping
                0x08000358       0x24 .pio/build/nucleo_f401re/SrcWrapper/src/HAL/stm32yyxx_hal_cortex.c.o
                0x08000358                HAL_NVIC_SetPriorityGrouping
 .text.HAL_NVIC_SetPriority
                0x0800037c       0x64 .pio/build/nucleo_f401re/SrcWrapper/src/HAL/stm32yyxx_hal_cortex.c.o
                0x0800037c                HAL_NVIC_SetPriority
 .text.HAL_NVIC_EnableIRQ
                0x080003e0       0x1c .pio/build/nucleo_f401re/SrcWrapper/src/HAL/stm32yyxx_hal_cortex.c.o
                0x080003e0                HAL_NVIC_EnableIRQ
 .text.HAL_NVIC_DisableIRQ
                0x080003fc       0x24 .pio/build/nucleo_f401re/SrcWrapper/src/HAL/stm32yyxx_hal_cortex.c.o
                0x080003fc                HAL_NVIC_DisableIRQ
 .text.HAL_SYSTICK_Config
                0x08000420       0x28 .pio/build/nucleo_f401re/SrcWrapper/src/HAL/stm32yyxx_hal_cortex.c.o
                0x08000420                HAL_SYSTICK_Config
 .text.HAL_NVIC_ClearPendingIRQ
                0x08000448       0x1c .pio/build/nucleo_f401re/SrcWrapper/src/HAL/stm32yyxx_hal_cortex.c.o
                0x08000448                HAL_NVIC_ClearPendingIRQ
 .text.HAL_SYSTICK_Callback
                0x08000464        0x2 .pio/build/nucleo_f401re/SrcWrapper/src/HAL/stm32yyxx_hal_cortex.c.o
                0x08000464                HAL_SYSTICK_Callback
 .text.HAL_SYSTICK_IRQHandler
                0x08000466        0x8 .pio/build/nucleo_f401re/SrcWrapper/src/HAL/stm32yyxx_hal_cortex.c.o
                0x08000466                HAL_SYSTICK_IRQHandler
 .text.HAL_CRC_MspInit
                0x0800046e        0x2 .pio/build/nucleo_f401re/SrcWrapper/src/HAL/stm32yyxx_hal_crc.c.o
                0x0800046e                HAL_CRC_MspInit
 .text.HAL_CRC_Init
                0x08000470       0x20 .pio/build/nucleo_f401re/SrcWrapper/src/HAL/stm32yyxx_hal_crc.c.o
                0x08000470                HAL_CRC_Init
 .text.HAL_DMA_Abort
                0x08000490       0x7c .pio/build/nucleo_f401re/SrcWrapper/src/HAL/stm32yyxx_hal_dma.c.o
                0x08000490                HAL_DMA_Abort
 .text.HAL_DMA_Abort_IT
                0x0800050c       0x24 .pio/build/nucleo_f401re/SrcWrapper/src/HAL/stm32yyxx_hal_dma.c.o
                0x0800050c                HAL_DMA_Abort_IT
 .text.HAL_GPIO_EXTI_IRQHandler
                0x08000530       0x18 .pio/build/nucleo_f401re/SrcWrapper/src/HAL/stm32yyxx_hal_gpio.c.o
                0x08000530                HAL_GPIO_EXTI_IRQHandler
 .text.HAL_RCC_OscConfig
                0x08000548      0x35c .pio/build/nucleo_f401re/SrcWrapper/src/HAL/stm32yyxx_hal_rcc.c.o
                0x08000548                HAL_RCC_OscConfig
 .text.HAL_RCC_GetSysClockFreq
                0x080008a4       0x5c .pio/build/nucleo_f401re/SrcWrapper/src/HAL/stm32yyxx_hal_rcc.c.o
                0x080008a4                HAL_RCC_GetSysClockFreq
 .text.HAL_RCC_ClockConfig
                0x08000900      0x134 .pio/build/nucleo_f401re/SrcWrapper/src/HAL/stm32yyxx_hal_rcc.c.o
                0x08000900                HAL_RCC_ClockConfig
 .text.HAL_TIM_PWM_PulseFinishedCallback
                0x08000a34        0x2 .pio/build/nucleo_f401re/SrcWrapper/src/HAL/stm32yyxx_hal_tim.c.o
                0x08000a34                HAL_TIM_PWM_PulseFinishedCallback
 .text.HAL_TIM_TriggerCallback
                0x08000a36        0x2 .pio/build/nucleo_f401re/SrcWrapper/src/HAL/stm32yyxx_hal_tim.c.o
                0x08000a36                HAL_TIM_TriggerCallback
 .text.HAL_TIM_IRQHandler
                0x08000a38      0x128 .pio/build/nucleo_f401re/SrcWrapper/src/HAL/stm32yyxx_hal_tim.c.o
                0x08000a38                HAL_TIM_IRQHandler
 .text.TIM_Base_SetConfig
                0x08000b60       0x80 .pio/build/nucleo_f401re/SrcWrapper/src/HAL/stm32yyxx_hal_tim.c.o
                0x08000b60                TIM_Base_SetConfig
 .text.HAL_TIM_Base_Init
                0x08000be0       0x58 .pio/build/nucleo_f401re/SrcWrapper/src/HAL/stm32yyxx_hal_tim.c.o
                0x08000be0                HAL_TIM_Base_Init
 .text.HAL_TIMEx_CommutCallback
                0x08000c38        0x2 .pio/build/nucleo_f401re/SrcWrapper/src/HAL/stm32yyxx_hal_tim_ex.c.o
                0x08000c38                HAL_TIMEx_CommutCallback
 .text.HAL_TIMEx_BreakCallback
                0x08000c3a        0x2 .pio/build/nucleo_f401re/SrcWrapper/src/HAL/stm32yyxx_hal_tim_ex.c.o
                0x08000c3a                HAL_TIMEx_BreakCallback
 .text.UART_EndRxTransfer
                0x08000c3c       0x5c .pio/build/nucleo_f401re/SrcWrapper/src/HAL/stm32yyxx_hal_uart.c.o
 .text.HAL_UART_Transmit_IT
                0x08000c98       0x32 .pio/build/nucleo_f401re/SrcWrapper/src/HAL/stm32yyxx_hal_uart.c.o
                0x08000c98                HAL_UART_Transmit_IT
 .text.UART_DMAAbortOnError
                0x08000cca        0xe .pio/build/nucleo_f401re/SrcWrapper/src/HAL/stm32yyxx_hal_uart.c.o
 .text.HAL_UARTEx_RxEventCallback
                0x08000cd8        0x2 .pio/build/nucleo_f401re/SrcWrapper/src/HAL/stm32yyxx_hal_uart.c.o
                0x08000cd8                HAL_UARTEx_RxEventCallback
 .text.UART_Receive_IT.isra.0
                0x08000cda       0xb6 .pio/build/nucleo_f401re/SrcWrapper/src/HAL/stm32yyxx_hal_uart.c.o
 .text.HAL_UART_IRQHandler
                0x08000d90      0x2e8 .pio/build/nucleo_f401re/SrcWrapper/src/HAL/stm32yyxx_hal_uart.c.o
                0x08000d90                HAL_UART_IRQHandler
 .text.HAL_HalfDuplex_EnableTransmitter
                0x08001078       0x30 .pio/build/nucleo_f401re/SrcWrapper/src/HAL/stm32yyxx_hal_uart.c.o
                0x08001078                HAL_HalfDuplex_EnableTransmitter
 .text.HAL_HalfDuplex_EnableReceiver
                0x080010a8       0x30 .pio/build/nucleo_f401re/SrcWrapper/src/HAL/stm32yyxx_hal_uart.c.o
                0x080010a8                HAL_HalfDuplex_EnableReceiver
 .text.HAL_UART_GetState
                0x080010d8        0xc .pio/build/nucleo_f401re/SrcWrapper/src/HAL/stm32yyxx_hal_uart.c.o
                0x080010d8                HAL_UART_GetState
 .text.UART_Start_Receive_IT
                0x080010e4       0x32 .pio/build/nucleo_f401re/SrcWrapper/src/HAL/stm32yyxx_hal_uart.c.o
                0x080010e4                UART_Start_Receive_IT
 .text.HAL_UART_Receive_IT
                0x08001116       0x22 .pio/build/nucleo_f401re/SrcWrapper/src/HAL/stm32yyxx_hal_uart.c.o
                0x08001116                HAL_UART_Receive_IT
 .text._ZNSt8functionIFvvEEaSEDn.isra.0
                0x08001138       0x16 .pio/build/nucleo_f401re/SrcWrapper/src/HardwareTimer.cpp.o
 .text._ZNSt14_Function_baseD2Ev
                0x0800114e       0x12 .pio/build/nucleo_f401re/SrcWrapper/src/HardwareTimer.cpp.o
                0x0800114e                std::_Function_base::~_Function_base()
                0x0800114e                std::_Function_base::~_Function_base()
 .text._Z15get_timer_indexP11TIM_TypeDef
                0x08001160       0x64 .pio/build/nucleo_f401re/SrcWrapper/src/HardwareTimer.cpp.o
                0x08001160                get_timer_index(TIM_TypeDef*)
 .text._ZN13HardwareTimerD2Ev
                0x080011c4       0x40 .pio/build/nucleo_f401re/SrcWrapper/src/HardwareTimer.cpp.o
                0x080011c4                HardwareTimer::~HardwareTimer()
                0x080011c4                HardwareTimer::~HardwareTimer()
 .text._ZN13HardwareTimer5setupEP11TIM_TypeDef
                0x08001204       0x84 .pio/build/nucleo_f401re/SrcWrapper/src/HardwareTimer.cpp.o
                0x08001204                HardwareTimer::setup(TIM_TypeDef*)
 .text.TIM1_UP_TIM10_IRQHandler
                0x08001288       0x24 .pio/build/nucleo_f401re/SrcWrapper/src/HardwareTimer.cpp.o
                0x08001288                TIM1_UP_TIM10_IRQHandler
 .text.TIM1_CC_IRQHandler
                0x080012ac       0x14 .pio/build/nucleo_f401re/SrcWrapper/src/HardwareTimer.cpp.o
                0x080012ac                TIM1_CC_IRQHandler
 .text.TIM2_IRQHandler
                0x080012c0       0x14 .pio/build/nucleo_f401re/SrcWrapper/src/HardwareTimer.cpp.o
                0x080012c0                TIM2_IRQHandler
 .text.TIM3_IRQHandler
                0x080012d4       0x14 .pio/build/nucleo_f401re/SrcWrapper/src/HardwareTimer.cpp.o
                0x080012d4                TIM3_IRQHandler
 .text.TIM4_IRQHandler
                0x080012e8       0x14 .pio/build/nucleo_f401re/SrcWrapper/src/HardwareTimer.cpp.o
                0x080012e8                TIM4_IRQHandler
 .text.TIM5_IRQHandler
                0x080012fc       0x14 .pio/build/nucleo_f401re/SrcWrapper/src/HardwareTimer.cpp.o
                0x080012fc                TIM5_IRQHandler
 .text.TIM1_BRK_TIM9_IRQHandler
                0x08001310       0x14 .pio/build/nucleo_f401re/SrcWrapper/src/HardwareTimer.cpp.o
                0x08001310                TIM1_BRK_TIM9_IRQHandler
 .text.TIM1_TRG_COM_TIM11_IRQHandler
                0x08001324       0x14 .pio/build/nucleo_f401re/SrcWrapper/src/HardwareTimer.cpp.o
                0x08001324                TIM1_TRG_COM_TIM11_IRQHandler
 .text._ZNSt8functionIFvvEEC2Ev
                0x08001338        0xc .pio/build/nucleo_f401re/SrcWrapper/src/HardwareTimer.cpp.o
                0x08001338                std::function<void ()>::function()
                0x08001338                std::function<void ()>::function()
 .text._ZN13HardwareTimerC2EP11TIM_TypeDef
                0x08001344       0x2a .pio/build/nucleo_f401re/SrcWrapper/src/HardwareTimer.cpp.o
                0x08001344                HardwareTimer::HardwareTimer(TIM_TypeDef*)
                0x08001344                HardwareTimer::HardwareTimer(TIM_TypeDef*)
 .text._ZNKSt8functionIFvvEEclEv
                0x0800136e       0x12 .pio/build/nucleo_f401re/SrcWrapper/src/HardwareTimer.cpp.o
                0x0800136e                std::function<void ()>::operator()() const
 .text._ZN13HardwareTimer14updateCallbackEP17TIM_HandleTypeDef
                0x08001380       0x18 .pio/build/nucleo_f401re/SrcWrapper/src/HardwareTimer.cpp.o
                0x08001380                HardwareTimer::updateCallback(TIM_HandleTypeDef*)
 .text.HAL_TIM_PeriodElapsedCallback
                0x08001398        0x4 .pio/build/nucleo_f401re/SrcWrapper/src/HardwareTimer.cpp.o
                0x08001398                HAL_TIM_PeriodElapsedCallback
 .text._ZN13HardwareTimer22captureCompareCallbackEP17TIM_HandleTypeDef
                0x0800139c       0x3e .pio/build/nucleo_f401re/SrcWrapper/src/HardwareTimer.cpp.o
                0x0800139c                HardwareTimer::captureCompareCallback(TIM_HandleTypeDef*)
 .text.HAL_TIM_OC_DelayElapsedCallback
                0x080013da        0x4 .pio/build/nucleo_f401re/SrcWrapper/src/HardwareTimer.cpp.o
                0x080013da                HAL_TIM_OC_DelayElapsedCallback
 .text.HAL_TIM_IC_CaptureCallback
                0x080013de        0x4 .pio/build/nucleo_f401re/SrcWrapper/src/HardwareTimer.cpp.o
                0x080013de                HAL_TIM_IC_CaptureCallback
 .text._Znwj    0x080013e2        0x4 .pio/build/nucleo_f401re/SrcWrapper/src/new.cpp.o
                0x080013e2                operator new(unsigned int)
 .text._ZdlPvj  0x080013e6        0x4 .pio/build/nucleo_f401re/SrcWrapper/src/new.cpp.o
                0x080013e6                operator delete(void*, unsigned int)
 *fill*         0x080013ea        0x2 
 .text.set_GPIO_Port_Clock
                0x080013ec       0xd0 .pio/build/nucleo_f401re/SrcWrapper/src/stm32/PortNames.c.o
                0x080013ec                set_GPIO_Port_Clock
 .text.pwm_stop
                0x080014bc       0x5c .pio/build/nucleo_f401re/SrcWrapper/src/stm32/analog.cpp.o
                0x080014bc                pwm_stop
 .text.getCurrentMillis
                0x08001518        0x4 .pio/build/nucleo_f401re/SrcWrapper/src/stm32/clock.c.o
                0x08001518                getCurrentMillis
 .text.SysTick_Handler
                0x0800151c       0x10 .pio/build/nucleo_f401re/SrcWrapper/src/stm32/clock.c.o
                0x0800151c                SysTick_Handler
 .text.configHSECapacitorTuning
                0x0800152c        0x2 .pio/build/nucleo_f401re/SrcWrapper/src/stm32/clock.c.o
                0x0800152c                configHSECapacitorTuning
 *fill*         0x0800152e        0x2 
 .text.configIPClock
                0x08001530       0x4c .pio/build/nucleo_f401re/SrcWrapper/src/stm32/clock.c.o
                0x08001530                configIPClock
 .text.dwt_init
                0x0800157c       0x3c .pio/build/nucleo_f401re/SrcWrapper/src/stm32/dwt.c.o
                0x0800157c                dwt_init
 .text.hw_config_init
                0x080015b8       0x24 .pio/build/nucleo_f401re/SrcWrapper/src/stm32/hw_config.c.o
                0x080015b8                hw_config_init
 .text.startup._ZNSt8functionIFvvEEC2EDn.constprop.0.isra.0
                0x080015dc        0xc .pio/build/nucleo_f401re/SrcWrapper/src/stm32/interrupt.cpp.o
 .text.HAL_GPIO_EXTI_Callback
                0x080015e8       0x2c .pio/build/nucleo_f401re/SrcWrapper/src/stm32/interrupt.cpp.o
                0x080015e8                HAL_GPIO_EXTI_Callback
 .text.EXTI0_IRQHandler
                0x08001614        0x6 .pio/build/nucleo_f401re/SrcWrapper/src/stm32/interrupt.cpp.o
                0x08001614                EXTI0_IRQHandler
 .text.EXTI1_IRQHandler
                0x0800161a        0x6 .pio/build/nucleo_f401re/SrcWrapper/src/stm32/interrupt.cpp.o
                0x0800161a                EXTI1_IRQHandler
 .text.EXTI2_IRQHandler
                0x08001620        0x6 .pio/build/nucleo_f401re/SrcWrapper/src/stm32/interrupt.cpp.o
                0x08001620                EXTI2_IRQHandler
 .text.EXTI3_IRQHandler
                0x08001626        0x6 .pio/build/nucleo_f401re/SrcWrapper/src/stm32/interrupt.cpp.o
                0x08001626                EXTI3_IRQHandler
 .text.EXTI4_IRQHandler
                0x0800162c        0x6 .pio/build/nucleo_f401re/SrcWrapper/src/stm32/interrupt.cpp.o
                0x0800162c                EXTI4_IRQHandler
 .text.EXTI9_5_IRQHandler
                0x08001632       0x16 .pio/build/nucleo_f401re/SrcWrapper/src/stm32/interrupt.cpp.o
                0x08001632                EXTI9_5_IRQHandler
 .text.EXTI15_10_IRQHandler
                0x08001648       0x18 .pio/build/nucleo_f401re/SrcWrapper/src/stm32/interrupt.cpp.o
                0x08001648                EXTI15_10_IRQHandler
 .text.startup._GLOBAL__sub_I__Z22stm32_interrupt_enable7PinNameSt8functionIFvvEEm
                0x08001660       0xd8 .pio/build/nucleo_f401re/SrcWrapper/src/stm32/interrupt.cpp.o
 .text.exit._GLOBAL__sub_D__Z22stm32_interrupt_enable7PinNameSt8functionIFvvEEm
                0x08001738       0x1c .pio/build/nucleo_f401re/SrcWrapper/src/stm32/interrupt.cpp.o
 .text.LL_GPIO_SetPinPull
                0x08001754       0x2a .pio/build/nucleo_f401re/SrcWrapper/src/stm32/pinmap.c.o
 .text.pin_in_pinmap
                0x0800177e       0x1e .pio/build/nucleo_f401re/SrcWrapper/src/stm32/pinmap.c.o
                0x0800177e                pin_in_pinmap
 .text.pin_function
                0x0800179c      0x11c .pio/build/nucleo_f401re/SrcWrapper/src/stm32/pinmap.c.o
                0x0800179c                pin_function
 .text.pinmap_find_peripheral
                0x080018b8       0x16 .pio/build/nucleo_f401re/SrcWrapper/src/stm32/pinmap.c.o
                0x080018b8                pinmap_find_peripheral
 .text.pinmap_peripheral
                0x080018ce        0xc .pio/build/nucleo_f401re/SrcWrapper/src/stm32/pinmap.c.o
                0x080018ce                pinmap_peripheral
 .text.pinmap_find_pin
                0x080018da       0x16 .pio/build/nucleo_f401re/SrcWrapper/src/stm32/pinmap.c.o
                0x080018da                pinmap_find_pin
 .text.pinmap_pin
                0x080018f0        0xc .pio/build/nucleo_f401re/SrcWrapper/src/stm32/pinmap.c.o
                0x080018f0                pinmap_pin
 .text.SystemInit
                0x080018fc       0x50 .pio/build/nucleo_f401re/SrcWrapper/src/stm32/system_stm32yyxx.c.o
                0x080018fc                SystemInit
 .text.get_timer_obj
                0x0800194c        0x4 .pio/build/nucleo_f401re/SrcWrapper/src/stm32/timer.c.o
                0x0800194c                get_timer_obj
 .text.enableTimerClock
                0x08001950      0x128 .pio/build/nucleo_f401re/SrcWrapper/src/stm32/timer.c.o
                0x08001950                enableTimerClock
 .text.disableTimerClock
                0x08001a78       0xb4 .pio/build/nucleo_f401re/SrcWrapper/src/stm32/timer.c.o
                0x08001a78                disableTimerClock
 .text.getTimerUpIrq
                0x08001b2c       0x74 .pio/build/nucleo_f401re/SrcWrapper/src/stm32/timer.c.o
                0x08001b2c                getTimerUpIrq
 .text.getTimerCCIrq
                0x08001ba0       0x78 .pio/build/nucleo_f401re/SrcWrapper/src/stm32/timer.c.o
                0x08001ba0                getTimerCCIrq
 .text.HAL_TIM_Base_MspInit
                0x08001c18       0x4e .pio/build/nucleo_f401re/SrcWrapper/src/stm32/timer.c.o
                0x08001c18                HAL_TIM_Base_MspInit
 *fill*         0x08001c66        0x2 
 .text.serial_rx_active
                0x08001c68       0x24 .pio/build/nucleo_f401re/SrcWrapper/src/stm32/uart.c.o
                0x08001c68                serial_rx_active
 .text.serial_tx_active
                0x08001c8c       0x24 .pio/build/nucleo_f401re/SrcWrapper/src/stm32/uart.c.o
                0x08001c8c                serial_tx_active
 .text.uart_attach_tx_callback
                0x08001cb0       0x40 .pio/build/nucleo_f401re/SrcWrapper/src/stm32/uart.c.o
                0x08001cb0                uart_attach_tx_callback
 .text.uart_enable_tx
                0x08001cf0       0x1c .pio/build/nucleo_f401re/SrcWrapper/src/stm32/uart.c.o
                0x08001cf0                uart_enable_tx
 .text.uart_enable_rx
                0x08001d0c       0x1c .pio/build/nucleo_f401re/SrcWrapper/src/stm32/uart.c.o
                0x08001d0c                uart_enable_rx
 .text.HAL_UART_RxCpltCallback
                0x08001d28        0x6 .pio/build/nucleo_f401re/SrcWrapper/src/stm32/uart.c.o
                0x08001d28                HAL_UART_RxCpltCallback
 .text.HAL_UART_TxCpltCallback
                0x08001d2e        0x6 .pio/build/nucleo_f401re/SrcWrapper/src/stm32/uart.c.o
                0x08001d2e                HAL_UART_TxCpltCallback
 .text.HAL_UART_ErrorCallback
                0x08001d34       0x7c .pio/build/nucleo_f401re/SrcWrapper/src/stm32/uart.c.o
                0x08001d34                HAL_UART_ErrorCallback
 .text.USART1_IRQHandler
                0x08001db0       0x18 .pio/build/nucleo_f401re/SrcWrapper/src/stm32/uart.c.o
                0x08001db0                USART1_IRQHandler
 .text.USART2_IRQHandler
                0x08001dc8       0x1c .pio/build/nucleo_f401re/SrcWrapper/src/stm32/uart.c.o
                0x08001dc8                USART2_IRQHandler
 .text.USART6_IRQHandler
                0x08001de4       0x18 .pio/build/nucleo_f401re/SrcWrapper/src/stm32/uart.c.o
                0x08001de4                USART6_IRQHandler
 .text._exit    0x08001dfc        0x2 .pio/build/nucleo_f401re/SrcWrapper/src/syscalls.c.o
                0x08001dfc                _exit
 *fill*         0x08001dfe        0x2 
 .text._kill    0x08001e00       0x10 .pio/build/nucleo_f401re/SrcWrapper/src/syscalls.c.o
                0x08001e00                _kill
 .text._getpid  0x08001e10        0x4 .pio/build/nucleo_f401re/SrcWrapper/src/syscalls.c.o
                0x08001e10                _getpid
 .text.vListInsertEnd
                0x08001e14       0x16 .pio/build/nucleo_f401re/lib40d/STM32duino FreeRTOS/FreeRTOS/Source/list.c.o
                0x08001e14                vListInsertEnd
 .text.uxListRemove
                0x08001e2a       0x20 .pio/build/nucleo_f401re/lib40d/STM32duino FreeRTOS/FreeRTOS/Source/list.c.o
                0x08001e2a                uxListRemove
 *fill*         0x08001e4a        0x2 
 .text.prvResetNextTaskUnblockTime
                0x08001e4c       0x24 .pio/build/nucleo_f401re/lib40d/STM32duino FreeRTOS/FreeRTOS/Source/tasks.c.o
 .text.vTaskSuspendAll
                0x08001e70       0x10 .pio/build/nucleo_f401re/lib40d/STM32duino FreeRTOS/FreeRTOS/Source/tasks.c.o
                0x08001e70                vTaskSuspendAll
 .text.xTaskIncrementTick
                0x08001e80      0x140 .pio/build/nucleo_f401re/lib40d/STM32duino FreeRTOS/FreeRTOS/Source/tasks.c.o
                0x08001e80                xTaskIncrementTick
 .text.xTaskResumeAll
                0x08001fc0       0xec .pio/build/nucleo_f401re/lib40d/STM32duino FreeRTOS/FreeRTOS/Source/tasks.c.o
                0x08001fc0                xTaskResumeAll
 .text.vTaskSwitchContext
                0x080020ac       0x80 .pio/build/nucleo_f401re/lib40d/STM32duino FreeRTOS/FreeRTOS/Source/tasks.c.o
                0x080020ac                vTaskSwitchContext
 .text.xTaskGetSchedulerState
                0x0800212c       0x20 .pio/build/nucleo_f401re/lib40d/STM32duino FreeRTOS/FreeRTOS/Source/tasks.c.o
                0x0800212c                xTaskGetSchedulerState
 .text.delayMS  0x0800214c       0x20 .pio/build/nucleo_f401re/lib40d/STM32duino FreeRTOS/STM32FreeRTOS.c.o
 .text.errorBlink
                0x0800216c       0x40 .pio/build/nucleo_f401re/lib40d/STM32duino FreeRTOS/STM32FreeRTOS.c.o
 .text.hard_fault_isr
                0x080021ac        0x8 .pio/build/nucleo_f401re/lib40d/STM32duino FreeRTOS/STM32FreeRTOS.c.o
                0x080021ac                hard_fault_isr
 .text.HardFault_Handler
                0x080021b4        0x6 .pio/build/nucleo_f401re/lib40d/STM32duino FreeRTOS/STM32FreeRTOS.c.o
                0x080021b4                HardFault_Handler
 .text.bus_fault_isr
                0x080021ba        0x8 .pio/build/nucleo_f401re/lib40d/STM32duino FreeRTOS/STM32FreeRTOS.c.o
                0x080021ba                bus_fault_isr
 .text.BusFault_Handler
                0x080021c2        0x6 .pio/build/nucleo_f401re/lib40d/STM32duino FreeRTOS/STM32FreeRTOS.c.o
                0x080021c2                BusFault_Handler
 .text.usage_fault_isr
                0x080021c8        0x8 .pio/build/nucleo_f401re/lib40d/STM32duino FreeRTOS/STM32FreeRTOS.c.o
                0x080021c8                usage_fault_isr
 .text.UsageFault_Handler
                0x080021d0        0x6 .pio/build/nucleo_f401re/lib40d/STM32duino FreeRTOS/STM32FreeRTOS.c.o
                0x080021d0                UsageFault_Handler
 .text.vApplicationTickHook
                0x080021d6        0x2 .pio/build/nucleo_f401re/lib40d/STM32duino FreeRTOS/STM32FreeRTOS.c.o
                0x080021d6                vApplicationTickHook
 .text.osSystickHandler
                0x080021d8       0x14 .pio/build/nucleo_f401re/lib40d/STM32duino FreeRTOS/cmsis_os.c.o
                0x080021d8                osSystickHandler
 .text._sbrk_r  0x080021ec       0x7c .pio/build/nucleo_f401re/lib40d/STM32duino FreeRTOS/heap.c.o
                0x080021ec                _sbrk_r
 .text.__malloc_lock
                0x08002268       0x1c .pio/build/nucleo_f401re/lib40d/STM32duino FreeRTOS/heap.c.o
                0x08002268                __malloc_lock
 .text.__malloc_unlock
                0x08002284        0x4 .pio/build/nucleo_f401re/lib40d/STM32duino FreeRTOS/heap.c.o
                0x08002284                __malloc_unlock
 *fill*         0x08002288        0x8 
 .text.SVC_Handler
                0x08002290       0x24 .pio/build/nucleo_f401re/lib40d/STM32duino FreeRTOS/port.c.o
                0x08002290                SVC_Handler
 .text.vPortEnterCritical
                0x080022b4       0x40 .pio/build/nucleo_f401re/lib40d/STM32duino FreeRTOS/port.c.o
                0x080022b4                vPortEnterCritical
 .text.vPortExitCritical
                0x080022f4       0x28 .pio/build/nucleo_f401re/lib40d/STM32duino FreeRTOS/port.c.o
                0x080022f4                vPortExitCritical
 *fill*         0x0800231c        0x4 
 .text.PendSV_Handler
                0x08002320       0x64 .pio/build/nucleo_f401re/lib40d/STM32duino FreeRTOS/port.c.o
                0x08002320                PendSV_Handler
 .text.xPortSysTickHandler
                0x08002384       0x2c .pio/build/nucleo_f401re/lib40d/STM32duino FreeRTOS/port.c.o
                0x08002384                xPortSysTickHandler
 .text.setup    0x080023b0        0x2 .pio/build/nucleo_f401re/src/main.cpp.o
                0x080023b0                setup
 .text.loop     0x080023b2        0x2 .pio/build/nucleo_f401re/src/main.cpp.o
                0x080023b2                loop
 .text.startup._Z7premainv
                0x080023b4       0x10 .pio/build/nucleo_f401re/libFrameworkArduino.a(main.cpp.o)
                0x080023b4                premain()
 .text.startup.main
                0x080023c4       0x14 .pio/build/nucleo_f401re/libFrameworkArduino.a(main.cpp.o)
                0x080023c4                main
 .text.Reset_Handler
                0x080023d8       0x50 .pio/build/nucleo_f401re/libFrameworkArduino.a(startup_stm32yyxx.S.o)
                0x080023d8                Reset_Handler
 .text.Default_Handler
                0x08002428        0x2 .pio/build/nucleo_f401re/libFrameworkArduino.a(startup_stm32yyxx.S.o)
                0x08002428                RTC_Alarm_IRQHandler
                0x08002428                DebugMon_Handler
                0x08002428                SPI4_IRQHandler
                0x08002428                DMA2_Stream5_IRQHandler
                0x08002428                DMA1_Stream5_IRQHandler
                0x08002428                PVD_IRQHandler
                0x08002428                SDIO_IRQHandler
                0x08002428                TAMP_STAMP_IRQHandler
                0x08002428                NMI_Handler
                0x08002428                I2C3_ER_IRQHandler
                0x08002428                I2C2_EV_IRQHandler
                0x08002428                DMA1_Stream2_IRQHandler
                0x08002428                FPU_IRQHandler
                0x08002428                DMA2_Stream2_IRQHandler
                0x08002428                SPI1_IRQHandler
                0x08002428                DMA2_Stream3_IRQHandler
                0x08002428                DMA2_Stream0_IRQHandler
                0x08002428                I2C1_EV_IRQHandler
                0x08002428                DMA1_Stream6_IRQHandler
                0x08002428                DMA1_Stream1_IRQHandler
                0x08002428                RCC_IRQHandler
                0x08002428                Default_Handler
                0x08002428                ADC_IRQHandler
                0x08002428                DMA1_Stream7_IRQHandler
                0x08002428                DMA2_Stream7_IRQHandler
                0x08002428                I2C3_EV_IRQHandler
                0x08002428                RTC_WKUP_IRQHandler
                0x08002428                SPI2_IRQHandler
                0x08002428                MemManage_Handler
                0x08002428                DMA1_Stream0_IRQHandler
                0x08002428                WWDG_IRQHandler
                0x08002428                OTG_FS_WKUP_IRQHandler
                0x08002428                I2C2_ER_IRQHandler
                0x08002428                DMA2_Stream1_IRQHandler
                0x08002428                FLASH_IRQHandler
                0x08002428                DMA2_Stream4_IRQHandler
                0x08002428                OTG_FS_IRQHandler
                0x08002428                SPI3_IRQHandler
                0x08002428                DMA1_Stream4_IRQHandler
                0x08002428                I2C1_ER_IRQHandler
                0x08002428                DMA2_Stream6_IRQHandler
                0x08002428                DMA1_Stream3_IRQHandler
 *fill*         0x0800242a        0x2 
 .text.pinMode  0x0800242c       0xbc .pio/build/nucleo_f401re/libFrameworkArduino.a(wiring_digital.c.o)
                0x0800242c                pinMode
 .text.digitalWrite
                0x080024e8       0x70 .pio/build/nucleo_f401re/libFrameworkArduino.a(wiring_digital.c.o)
                0x080024e8                digitalWrite
 .text._Z14serialEventRunv
                0x08002558       0x1c .pio/build/nucleo_f401re/libFrameworkArduino.a(WSerial.cpp.o)
                0x08002558                serialEventRun()
 .text.init     0x08002574        0x4 .pio/build/nucleo_f401re/libFrameworkArduino.a(board.c.o)
                0x08002574                init
 .text._ZN14HardwareSerial9availableEv
                0x08002578       0x10 .pio/build/nucleo_f401re/libFrameworkArduino.a(HardwareSerial.cpp.o)
                0x08002578                HardwareSerial::available()
 .text._ZN14HardwareSerial4peekEv
                0x08002588       0x1a .pio/build/nucleo_f401re/libFrameworkArduino.a(HardwareSerial.cpp.o)
                0x08002588                HardwareSerial::peek()
 .text._ZN14HardwareSerial17availableForWriteEv
                0x080025a2       0x1c .pio/build/nucleo_f401re/libFrameworkArduino.a(HardwareSerial.cpp.o)
                0x080025a2                HardwareSerial::availableForWrite()
 .text._ZN14HardwareSerial5writeEh
                0x080025be       0x18 .pio/build/nucleo_f401re/libFrameworkArduino.a(HardwareSerial.cpp.o)
                0x080025be                HardwareSerial::write(unsigned char)
 *fill*         0x080025d6        0x2 
 .text._ZN14HardwareSerial16_tx_complete_irqEP8serial_s
                0x080025d8       0x60 .pio/build/nucleo_f401re/libFrameworkArduino.a(HardwareSerial.cpp.o)
                0x080025d8                HardwareSerial::_tx_complete_irq(serial_s*)
 .text._ZN14HardwareSerial5writeEPKhj
                0x08002638       0xe4 .pio/build/nucleo_f401re/libFrameworkArduino.a(HardwareSerial.cpp.o)
                0x08002638                HardwareSerial::write(unsigned char const*, unsigned int)
 .text._ZN14HardwareSerial4initE7PinNameS0_S0_S0_
                0x0800271c       0x32 .pio/build/nucleo_f401re/libFrameworkArduino.a(HardwareSerial.cpp.o)
                0x0800271c                HardwareSerial::init(PinName, PinName, PinName, PinName)
 .text._ZN14HardwareSerial5flushEm
                0x0800274e       0x36 .pio/build/nucleo_f401re/libFrameworkArduino.a(HardwareSerial.cpp.o)
                0x0800274e                HardwareSerial::flush(unsigned long)
 .text._ZN14HardwareSerial5flushEv
                0x08002784        0x6 .pio/build/nucleo_f401re/libFrameworkArduino.a(HardwareSerial.cpp.o)
                0x08002784                HardwareSerial::flush()
 *fill*         0x0800278a        0x2 
 .text._ZN14HardwareSerial5setRxEm
                0x0800278c       0x48 .pio/build/nucleo_f401re/libFrameworkArduino.a(HardwareSerial.cpp.o)
                0x0800278c                HardwareSerial::setRx(unsigned long)
 .text._ZN14HardwareSerial5setTxEm
                0x080027d4       0x48 .pio/build/nucleo_f401re/libFrameworkArduino.a(HardwareSerial.cpp.o)
                0x080027d4                HardwareSerial::setTx(unsigned long)
 .text._ZN14HardwareSerialC2EPv16HalfDuplexMode_t
                0x0800281c       0x9c .pio/build/nucleo_f401re/libFrameworkArduino.a(HardwareSerial.cpp.o)
                0x0800281c                HardwareSerial::HardwareSerial(void*, HalfDuplexMode_t)
                0x0800281c                HardwareSerial::HardwareSerial(void*, HalfDuplexMode_t)
 .text._ZN14HardwareSerial18enableHalfDuplexRxEv
                0x080028b8       0x2c .pio/build/nucleo_f401re/libFrameworkArduino.a(HardwareSerial.cpp.o)
                0x080028b8                HardwareSerial::enableHalfDuplexRx()
 .text._ZN14HardwareSerial4readEv
                0x080028e4       0x2e .pio/build/nucleo_f401re/libFrameworkArduino.a(HardwareSerial.cpp.o)
                0x080028e4                HardwareSerial::read()
 *fill*         0x08002912        0x2 
 .text.startup._GLOBAL__sub_I_Serial2
                0x08002914       0x14 .pio/build/nucleo_f401re/libFrameworkArduino.a(HardwareSerial.cpp.o)
 .text._ZN6Stream9timedReadEv
                0x08002928       0x2a .pio/build/nucleo_f401re/libFrameworkArduino.a(Stream.cpp.o)
                0x08002928                Stream::timedRead()
 .text._ZN6Stream9readBytesEPcj
                0x08002952       0x22 .pio/build/nucleo_f401re/libFrameworkArduino.a(Stream.cpp.o)
                0x08002952                Stream::readBytes(char*, unsigned int)
 .text._ZN6Stream14readBytesUntilEcPcj
                0x08002974       0x30 .pio/build/nucleo_f401re/libFrameworkArduino.a(Stream.cpp.o)
                0x08002974                Stream::readBytesUntil(char, char*, unsigned int)
 .text.millis   0x080029a4        0x4 .pio/build/nucleo_f401re/libFrameworkArduino.a(wiring_time.c.o)
                0x080029a4                millis
 .text.__udivmoddi4
                0x080029a8      0x2bc c:/users/razie/.platformio/packages/toolchain-gccarmnoneeabi/bin/../lib/gcc/arm-none-eabi/12.3.1/thumb/v7e-m+fp/hard\libgcc.a(_udivmoddi4.o)
                0x080029a8                __udivmoddi4
 .text.unlikely._ZSt25__throw_bad_function_callv
                0x08002c64        0x6 c:/users/razie/.platformio/packages/toolchain-gccarmnoneeabi/bin/../lib/gcc/arm-none-eabi/12.3.1/../../../../arm-none-eabi/lib/thumb/v7e-m+fp/hard\libstdc++_nano.a(functional.o)
                0x08002c64                std::__throw_bad_function_call()
 .text.abort    0x08002c6a        0xe c:/users/razie/.platformio/packages/toolchain-gccarmnoneeabi/bin/../lib/gcc/arm-none-eabi/12.3.1/../../../../arm-none-eabi/lib/thumb/v7e-m+fp/hard\libc_nano.a(libc_a-abort.o)
                0x08002c6a                abort
 .text.malloc   0x08002c78       0x10 c:/users/razie/.platformio/packages/toolchain-gccarmnoneeabi/bin/../lib/gcc/arm-none-eabi/12.3.1/../../../../arm-none-eabi/lib/thumb/v7e-m+fp/hard\libc_nano.a(libc_a-malloc.o)
                0x08002c78                malloc
 .text.free     0x08002c88       0x10 c:/users/razie/.platformio/packages/toolchain-gccarmnoneeabi/bin/../lib/gcc/arm-none-eabi/12.3.1/../../../../arm-none-eabi/lib/thumb/v7e-m+fp/hard\libc_nano.a(libc_a-malloc.o)
                0x08002c88                free
 .text.sbrk_aligned
                0x08002c98       0x44 c:/users/razie/.platformio/packages/toolchain-gccarmnoneeabi/bin/../lib/gcc/arm-none-eabi/12.3.1/../../../../arm-none-eabi/lib/thumb/v7e-m+fp/hard\libc_nano.a(libc_a-mallocr.o)
 .text._malloc_r
                0x08002cdc      0x100 c:/users/razie/.platformio/packages/toolchain-gccarmnoneeabi/bin/../lib/gcc/arm-none-eabi/12.3.1/../../../../arm-none-eabi/lib/thumb/v7e-m+fp/hard\libc_nano.a(libc_a-mallocr.o)
                0x08002cdc                _malloc_r
 .text.memset   0x08002ddc       0x10 c:/users/razie/.platformio/packages/toolchain-gccarmnoneeabi/bin/../lib/gcc/arm-none-eabi/12.3.1/../../../../arm-none-eabi/lib/thumb/v7e-m+fp/hard\libc_nano.a(libc_a-memset.o)
                0x08002ddc                memset
 .text._raise_r
                0x08002dec       0x50 c:/users/razie/.platformio/packages/toolchain-gccarmnoneeabi/bin/../lib/gcc/arm-none-eabi/12.3.1/../../../../arm-none-eabi/lib/thumb/v7e-m+fp/hard\libc_nano.a(libc_a-signal.o)
                0x08002dec                _raise_r
 .text.raise    0x08002e3c       0x10 c:/users/razie/.platformio/packages/toolchain-gccarmnoneeabi/bin/../lib/gcc/arm-none-eabi/12.3.1/../../../../arm-none-eabi/lib/thumb/v7e-m+fp/hard\libc_nano.a(libc_a-signal.o)
                0x08002e3c                raise
 .text._kill_r  0x08002e4c       0x24 c:/users/razie/.platformio/packages/toolchain-gccarmnoneeabi/bin/../lib/gcc/arm-none-eabi/12.3.1/../../../../arm-none-eabi/lib/thumb/v7e-m+fp/hard\libc_nano.a(libc_a-signalr.o)
                0x08002e4c                _kill_r
 .text._getpid_r
                0x08002e70        0x4 c:/users/razie/.platformio/packages/toolchain-gccarmnoneeabi/bin/../lib/gcc/arm-none-eabi/12.3.1/../../../../arm-none-eabi/lib/thumb/v7e-m+fp/hard\libc_nano.a(libc_a-signalr.o)
                0x08002e70                _getpid_r
 .text.__libc_init_array
                0x08002e74       0x48 c:/users/razie/.platformio/packages/toolchain-gccarmnoneeabi/bin/../lib/gcc/arm-none-eabi/12.3.1/../../../../arm-none-eabi/lib/thumb/v7e-m+fp/hard\libc_nano.a(libc_a-init.o)
                0x08002e74                __libc_init_array
 .text.memcpy   0x08002ebc       0x1c c:/users/razie/.platformio/packages/toolchain-gccarmnoneeabi/bin/../lib/gcc/arm-none-eabi/12.3.1/../../../../arm-none-eabi/lib/thumb/v7e-m+fp/hard\libc_nano.a(libc_a-memcpy-stub.o)
                0x08002ebc                memcpy
 .text._free_r  0x08002ed8       0x94 c:/users/razie/.platformio/packages/toolchain-gccarmnoneeabi/bin/../lib/gcc/arm-none-eabi/12.3.1/../../../../arm-none-eabi/lib/thumb/v7e-m+fp/hard\libc_nano.a(libc_a-freer.o)
                0x08002ed8                _free_r
 *(.glue_7)
 .glue_7        0x08002f6c        0x0 linker stubs
 *(.glue_7t)
 .glue_7t       0x08002f6c        0x0 linker stubs
 *(.eh_frame)
 .eh_frame      0x08002f6c        0x0 c:/users/razie/.platformio/packages/toolchain-gccarmnoneeabi/bin/../lib/gcc/arm-none-eabi/12.3.1/thumb/v7e-m+fp/hard/crtbegin.o
 *(.init)
 .init          0x08002f6c        0x4 c:/users/razie/.platformio/packages/toolchain-gccarmnoneeabi/bin/../lib/gcc/arm-none-eabi/12.3.1/thumb/v7e-m+fp/hard/crti.o
                0x08002f6c                _init
 .init          0x08002f70        0x8 c:/users/razie/.platformio/packages/toolchain-gccarmnoneeabi/bin/../lib/gcc/arm-none-eabi/12.3.1/thumb/v7e-m+fp/hard/crtn.o
 *(.fini)
 .fini          0x08002f78        0x4 c:/users/razie/.platformio/packages/toolchain-gccarmnoneeabi/bin/../lib/gcc/arm-none-eabi/12.3.1/thumb/v7e-m+fp/hard/crti.o
                0x08002f78                _fini
 .fini          0x08002f7c        0x8 c:/users/razie/.platformio/packages/toolchain-gccarmnoneeabi/bin/../lib/gcc/arm-none-eabi/12.3.1/thumb/v7e-m+fp/hard/crtn.o
                0x08002f84                        . = ALIGN (0x4)
                0x08002f84                        _etext = .

.vfp11_veneer   0x08002f84        0x0
 .vfp11_veneer  0x08002f84        0x0 linker stubs

.v4_bx          0x08002f84        0x0
 .v4_bx         0x08002f84        0x0 linker stubs

.iplt           0x08002f84        0x0
 .iplt          0x08002f84        0x0 c:/users/razie/.platformio/packages/toolchain-gccarmnoneeabi/bin/../lib/gcc/arm-none-eabi/12.3.1/thumb/v7e-m+fp/hard/crtbegin.o

.rodata         0x08002f84      0x408
                0x08002f84                        . = ALIGN (0x4)
 *(.rodata)
 *(.rodata*)
 .rodata.PinMap_UART_RX
                0x08002f84       0x48 .pio/build/nucleo_f401re/FrameworkArduinoVariant/PeripheralPins.c.o
                0x08002f84                PinMap_UART_RX
 .rodata.PinMap_UART_TX
                0x08002fcc       0x48 .pio/build/nucleo_f401re/FrameworkArduinoVariant/PeripheralPins.c.o
                0x08002fcc                PinMap_UART_TX
 .rodata.PinMap_TIM
                0x08003014      0x1ec .pio/build/nucleo_f401re/FrameworkArduinoVariant/PeripheralPins.c.o
                0x08003014                PinMap_TIM
 .rodata.analogInputPin
                0x08003200       0x40 .pio/build/nucleo_f401re/FrameworkArduinoVariant/variant_NUCLEO_F401RE.cpp.o
                0x08003200                analogInputPin
 .rodata.digitalPin
                0x08003240       0xd0 .pio/build/nucleo_f401re/FrameworkArduinoVariant/variant_NUCLEO_F401RE.cpp.o
                0x08003240                digitalPin
 .rodata.pin_map_ll
                0x08003310       0x40 .pio/build/nucleo_f401re/SrcWrapper/src/stm32/pinmap.c.o
                0x08003310                pin_map_ll
 .rodata.AHBPrescTable
                0x08003350       0x10 .pio/build/nucleo_f401re/SrcWrapper/src/stm32/system_stm32yyxx.c.o
                0x08003350                AHBPrescTable
 .rodata._ZTV14HardwareSerial
                0x08003360       0x2c .pio/build/nucleo_f401re/libFrameworkArduino.a(HardwareSerial.cpp.o)
                0x08003360                vtable for HardwareSerial
                0x0800338c                        . = ALIGN (0x4)

.ARM.extab      0x0800338c        0x0
                0x0800338c                        . = ALIGN (0x4)
 *(.ARM.extab* .gnu.linkonce.armextab.*)
                0x0800338c                        . = ALIGN (0x4)

.ARM            0x0800338c        0x8
                0x0800338c                        . = ALIGN (0x4)
                0x0800338c                        __exidx_start = .
 *(.ARM.exidx*)
 .ARM.exidx.text.__udivmoddi4
                0x0800338c        0x8 c:/users/razie/.platformio/packages/toolchain-gccarmnoneeabi/bin/../lib/gcc/arm-none-eabi/12.3.1/thumb/v7e-m+fp/hard\libgcc.a(_udivmoddi4.o)
                0x08003394                        __exidx_end = .
                0x08003394                        . = ALIGN (0x4)

.preinit_array  0x08003394        0x0
                0x08003394                        . = ALIGN (0x4)
                0x08003394                        PROVIDE (__preinit_array_start = .)
 *(.preinit_array*)
                0x08003394                        PROVIDE (__preinit_array_end = .)
                0x08003394                        . = ALIGN (0x4)

.init_array     0x08003394       0x10
                0x08003394                        . = ALIGN (0x4)
                0x08003394                        PROVIDE (__init_array_start = .)
 *(SORT_BY_NAME(.init_array.*))
 .init_array.00101
                0x08003394        0x4 .pio/build/nucleo_f401re/libFrameworkArduino.a(main.cpp.o)
 *(.init_array*)
 .init_array    0x08003398        0x4 c:/users/razie/.platformio/packages/toolchain-gccarmnoneeabi/bin/../lib/gcc/arm-none-eabi/12.3.1/thumb/v7e-m+fp/hard/crtbegin.o
 .init_array    0x0800339c        0x4 .pio/build/nucleo_f401re/SrcWrapper/src/stm32/interrupt.cpp.o
 .init_array    0x080033a0        0x4 .pio/build/nucleo_f401re/libFrameworkArduino.a(HardwareSerial.cpp.o)
                0x080033a4                        PROVIDE (__init_array_end = .)
                0x080033a4                        . = ALIGN (0x4)

.fini_array     0x080033a4        0x8
                0x080033a4                        . = ALIGN (0x4)
                0x080033a4                        PROVIDE (__fini_array_start = .)
 *(SORT_BY_NAME(.fini_array.*))
 *(.fini_array*)
 .fini_array    0x080033a4        0x4 c:/users/razie/.platformio/packages/toolchain-gccarmnoneeabi/bin/../lib/gcc/arm-none-eabi/12.3.1/thumb/v7e-m+fp/hard/crtbegin.o
 .fini_array    0x080033a8        0x4 .pio/build/nucleo_f401re/SrcWrapper/src/stm32/interrupt.cpp.o
                0x080033ac                        PROVIDE (__fini_array_end = .)
                0x080033ac                        . = ALIGN (0x4)
                0x080033ac                        _sidata = LOADADDR (.data)

.rel.dyn        0x080033ac        0x0
 .rel.iplt      0x080033ac        0x0 c:/users/razie/.platformio/packages/toolchain-gccarmnoneeabi/bin/../lib/gcc/arm-none-eabi/12.3.1/thumb/v7e-m+fp/hard/crtbegin.o

.data           0x20000000       0x84 load address 0x080033ac
                0x20000000                        . = ALIGN (0x4)
                0x20000000                        _sdata = .
 *(.data)
 *(.data*)
 .data.uwTickFreq
                0x20000000        0x1 .pio/build/nucleo_f401re/SrcWrapper/src/HAL/stm32yyxx_hal.c.o
                0x20000000                uwTickFreq
 *fill*         0x20000001        0x3 
 .data.uwTickPrio
                0x20000004        0x4 .pio/build/nucleo_f401re/SrcWrapper/src/HAL/stm32yyxx_hal.c.o
                0x20000004                uwTickPrio
 .data.GPIOPort
                0x20000008       0x18 .pio/build/nucleo_f401re/SrcWrapper/src/stm32/PortNames.c.o
                0x20000008                GPIOPort
 .data.hcrc     0x20000020        0x8 .pio/build/nucleo_f401re/SrcWrapper/src/stm32/hw_config.c.o
                0x20000020                hcrc
 .data.SystemCoreClock
                0x20000028        0x4 .pio/build/nucleo_f401re/SrcWrapper/src/stm32/system_stm32yyxx.c.o
                0x20000028                SystemCoreClock
 .data.currentHeapEnd.0
                0x2000002c        0x4 .pio/build/nucleo_f401re/lib40d/STM32duino FreeRTOS/heap.c.o
 .data.uxCriticalNesting
                0x20000030        0x4 .pio/build/nucleo_f401re/lib40d/STM32duino FreeRTOS/port.c.o
 .data._impure_ptr
                0x20000034        0x4 c:/users/razie/.platformio/packages/toolchain-gccarmnoneeabi/bin/../lib/gcc/arm-none-eabi/12.3.1/../../../../arm-none-eabi/lib/thumb/v7e-m+fp/hard\libc_nano.a(libc_a-impure.o)
                0x20000034                _impure_ptr
 .data._impure_data
                0x20000038       0x4c c:/users/razie/.platformio/packages/toolchain-gccarmnoneeabi/bin/../lib/gcc/arm-none-eabi/12.3.1/../../../../arm-none-eabi/lib/thumb/v7e-m+fp/hard\libc_nano.a(libc_a-impure.o)
                0x20000038                _impure_data
 *(.RamFunc)
 *(.RamFunc*)
                0x20000084                        . = ALIGN (0x4)
                0x20000084                        _edata = .

.igot.plt       0x20000084        0x0 load address 0x08003430
 .igot.plt      0x20000084        0x0 c:/users/razie/.platformio/packages/toolchain-gccarmnoneeabi/bin/../lib/gcc/arm-none-eabi/12.3.1/thumb/v7e-m+fp/hard/crtbegin.o
                0x20000084                        . = ALIGN (0x4)

.bss            0x20000084      0x4d8 load address 0x08003430
                0x20000084                        _sbss = .
                0x20000084                        __bss_start__ = _sbss
 *(.bss)
 *(.bss*)
 .bss.completed.1
                0x20000084        0x1 c:/users/razie/.platformio/packages/toolchain-gccarmnoneeabi/bin/../lib/gcc/arm-none-eabi/12.3.1/thumb/v7e-m+fp/hard/crtbegin.o
 *fill*         0x20000085        0x3 
 .bss.object.0  0x20000088       0x18 c:/users/razie/.platformio/packages/toolchain-gccarmnoneeabi/bin/../lib/gcc/arm-none-eabi/12.3.1/thumb/v7e-m+fp/hard/crtbegin.o
 .bss.uwTick    0x200000a0        0x4 .pio/build/nucleo_f401re/SrcWrapper/src/HAL/stm32yyxx_hal.c.o
                0x200000a0                uwTick
 .bss.HardwareTimer_Handle
                0x200000a4       0x20 .pio/build/nucleo_f401re/SrcWrapper/src/HardwareTimer.cpp.o
                0x200000a4                HardwareTimer_Handle
 .bss._ZL13gpio_irq_conf
                0x200000c4      0x140 .pio/build/nucleo_f401re/SrcWrapper/src/stm32/interrupt.cpp.o
 .bss.uart_handlers
                0x20000204        0xc .pio/build/nucleo_f401re/SrcWrapper/src/stm32/uart.c.o
 .bss.uxSchedulerSuspended
                0x20000210        0x4 .pio/build/nucleo_f401re/lib40d/STM32duino FreeRTOS/FreeRTOS/Source/tasks.c.o
 .bss.xNextTaskUnblockTime
                0x20000214        0x4 .pio/build/nucleo_f401re/lib40d/STM32duino FreeRTOS/FreeRTOS/Source/tasks.c.o
 .bss.xNumOfOverflows
                0x20000218        0x4 .pio/build/nucleo_f401re/lib40d/STM32duino FreeRTOS/FreeRTOS/Source/tasks.c.o
 .bss.xYieldPending
                0x2000021c        0x4 .pio/build/nucleo_f401re/lib40d/STM32duino FreeRTOS/FreeRTOS/Source/tasks.c.o
 .bss.xPendedTicks
                0x20000220        0x4 .pio/build/nucleo_f401re/lib40d/STM32duino FreeRTOS/FreeRTOS/Source/tasks.c.o
 .bss.xSchedulerRunning
                0x20000224        0x4 .pio/build/nucleo_f401re/lib40d/STM32duino FreeRTOS/FreeRTOS/Source/tasks.c.o
 .bss.uxTopReadyPriority
                0x20000228        0x4 .pio/build/nucleo_f401re/lib40d/STM32duino FreeRTOS/FreeRTOS/Source/tasks.c.o
 .bss.xTickCount
                0x2000022c        0x4 .pio/build/nucleo_f401re/lib40d/STM32duino FreeRTOS/FreeRTOS/Source/tasks.c.o
 .bss.uxCurrentNumberOfTasks
                0x20000230        0x4 .pio/build/nucleo_f401re/lib40d/STM32duino FreeRTOS/FreeRTOS/Source/tasks.c.o
 .bss.xPendingReadyList
                0x20000234       0x14 .pio/build/nucleo_f401re/lib40d/STM32duino FreeRTOS/FreeRTOS/Source/tasks.c.o
 .bss.pxOverflowDelayedTaskList
                0x20000248        0x4 .pio/build/nucleo_f401re/lib40d/STM32duino FreeRTOS/FreeRTOS/Source/tasks.c.o
 .bss.pxDelayedTaskList
                0x2000024c        0x4 .pio/build/nucleo_f401re/lib40d/STM32duino FreeRTOS/FreeRTOS/Source/tasks.c.o
 .bss.pxReadyTasksLists
                0x20000250       0x8c .pio/build/nucleo_f401re/lib40d/STM32duino FreeRTOS/FreeRTOS/Source/tasks.c.o
 .bss.pxCurrentTCB
                0x200002dc        0x4 .pio/build/nucleo_f401re/lib40d/STM32duino FreeRTOS/FreeRTOS/Source/tasks.c.o
                0x200002dc                pxCurrentTCB
 .bss.TotalHeapSize
                0x200002e0        0x4 .pio/build/nucleo_f401re/lib40d/STM32duino FreeRTOS/heap.c.o
                0x200002e0                TotalHeapSize
 .bss.heapBytesRemaining
                0x200002e4        0x4 .pio/build/nucleo_f401re/lib40d/STM32duino FreeRTOS/heap.c.o
 .bss.g_anOutputPinConfigured
                0x200002e8       0x18 .pio/build/nucleo_f401re/libFrameworkArduino.a(wiring_analog.c.o)
                0x200002e8                g_anOutputPinConfigured
 .bss.Serial2   0x20000300      0x118 .pio/build/nucleo_f401re/libFrameworkArduino.a(HardwareSerial.cpp.o)
                0x20000300                Serial2
 .bss.__malloc_sbrk_start
                0x20000418        0x4 c:/users/razie/.platformio/packages/toolchain-gccarmnoneeabi/bin/../lib/gcc/arm-none-eabi/12.3.1/../../../../arm-none-eabi/lib/thumb/v7e-m+fp/hard\libc_nano.a(libc_a-mallocr.o)
                0x20000418                __malloc_sbrk_start
 .bss.__malloc_free_list
                0x2000041c        0x4 c:/users/razie/.platformio/packages/toolchain-gccarmnoneeabi/bin/../lib/gcc/arm-none-eabi/12.3.1/../../../../arm-none-eabi/lib/thumb/v7e-m+fp/hard\libc_nano.a(libc_a-mallocr.o)
                0x2000041c                __malloc_free_list
 .bss.__sf      0x20000420      0x138 c:/users/razie/.platformio/packages/toolchain-gccarmnoneeabi/bin/../lib/gcc/arm-none-eabi/12.3.1/../../../../arm-none-eabi/lib/thumb/v7e-m+fp/hard\libc_nano.a(libc_a-findfp.o)
                0x20000420                __sf
 .bss.errno     0x20000558        0x4 c:/users/razie/.platformio/packages/toolchain-gccarmnoneeabi/bin/../lib/gcc/arm-none-eabi/12.3.1/../../../../arm-none-eabi/lib/thumb/v7e-m+fp/hard\libc_nano.a(libc_a-reent.o)
                0x20000558                errno
 *(COMMON)
                0x2000055c                        . = ALIGN (0x4)
                0x2000055c                        _ebss = .
                0x2000055c                        __bss_end__ = _ebss
LOAD c:/users/razie/.platformio/packages/toolchain-gccarmnoneeabi/bin/../lib/gcc/arm-none-eabi/12.3.1/thumb/v7e-m+fp/hard/crti.o
LOAD c:/users/razie/.platformio/packages/toolchain-gccarmnoneeabi/bin/../lib/gcc/arm-none-eabi/12.3.1/thumb/v7e-m+fp/hard/crtbegin.o
LOAD c:/users/razie/.platformio/packages/toolchain-gccarmnoneeabi/bin/../lib/gcc/arm-none-eabi/12.3.1/../../../../arm-none-eabi/lib/thumb/v7e-m+fp/hard/crt0.o
                0x00080000                        LD_MAX_SIZE = 0x80000
                0x00018000                        LD_MAX_DATA_SIZE = 0x18000
                0x00000000                        LD_FLASH_OFFSET = 0x0
LOAD .pio/build/nucleo_f401re/FrameworkArduinoVariant/PeripheralPins.c.o
LOAD .pio/build/nucleo_f401re/FrameworkArduinoVariant/PeripheralPins_CoreBoard_F401RC.c.o
LOAD .pio/build/nucleo_f401re/FrameworkArduinoVariant/generic_clock.c.o
LOAD .pio/build/nucleo_f401re/FrameworkArduinoVariant/variant_CoreBoard_F401RC.cpp.o
LOAD .pio/build/nucleo_f401re/FrameworkArduinoVariant/variant_NUCLEO_F401RE.cpp.o
LOAD .pio/build/nucleo_f401re/FrameworkArduinoVariant/variant_generic.cpp.o
LOAD .pio/build/nucleo_f401re/SrcWrapper/src/HAL/stm32yyxx_hal.c.o
LOAD .pio/build/nucleo_f401re/SrcWrapper/src/HAL/stm32yyxx_hal_adc.c.o
LOAD .pio/build/nucleo_f401re/SrcWrapper/src/HAL/stm32yyxx_hal_adc_ex.c.o
LOAD .pio/build/nucleo_f401re/SrcWrapper/src/HAL/stm32yyxx_hal_can.c.o
LOAD .pio/build/nucleo_f401re/SrcWrapper/src/HAL/stm32yyxx_hal_ccb.c.o
LOAD .pio/build/nucleo_f401re/SrcWrapper/src/HAL/stm32yyxx_hal_cec.c.o
LOAD .pio/build/nucleo_f401re/SrcWrapper/src/HAL/stm32yyxx_hal_comp.c.o
LOAD .pio/build/nucleo_f401re/SrcWrapper/src/HAL/stm32yyxx_hal_comp_ex.c.o
LOAD .pio/build/nucleo_f401re/SrcWrapper/src/HAL/stm32yyxx_hal_cordic.c.o
LOAD .pio/build/nucleo_f401re/SrcWrapper/src/HAL/stm32yyxx_hal_cortex.c.o
LOAD .pio/build/nucleo_f401re/SrcWrapper/src/HAL/stm32yyxx_hal_crc.c.o
LOAD .pio/build/nucleo_f401re/SrcWrapper/src/HAL/stm32yyxx_hal_crc_ex.c.o
LOAD .pio/build/nucleo_f401re/SrcWrapper/src/HAL/stm32yyxx_hal_cryp.c.o
LOAD .pio/build/nucleo_f401re/SrcWrapper/src/HAL/stm32yyxx_hal_cryp_ex.c.o
LOAD .pio/build/nucleo_f401re/SrcWrapper/src/HAL/stm32yyxx_hal_dac.c.o
LOAD .pio/build/nucleo_f401re/SrcWrapper/src/HAL/stm32yyxx_hal_dac_ex.c.o
LOAD .pio/build/nucleo_f401re/SrcWrapper/src/HAL/stm32yyxx_hal_dcache.c.o
LOAD .pio/build/nucleo_f401re/SrcWrapper/src/HAL/stm32yyxx_hal_dcmi.c.o
LOAD .pio/build/nucleo_f401re/SrcWrapper/src/HAL/stm32yyxx_hal_dcmi_ex.c.o
LOAD .pio/build/nucleo_f401re/SrcWrapper/src/HAL/stm32yyxx_hal_dfsdm.c.o
LOAD .pio/build/nucleo_f401re/SrcWrapper/src/HAL/stm32yyxx_hal_dfsdm_ex.c.o
LOAD .pio/build/nucleo_f401re/SrcWrapper/src/HAL/stm32yyxx_hal_dma.c.o
LOAD .pio/build/nucleo_f401re/SrcWrapper/src/HAL/stm32yyxx_hal_dma2d.c.o
LOAD .pio/build/nucleo_f401re/SrcWrapper/src/HAL/stm32yyxx_hal_dma_ex.c.o
LOAD .pio/build/nucleo_f401re/SrcWrapper/src/HAL/stm32yyxx_hal_dsi.c.o
LOAD .pio/build/nucleo_f401re/SrcWrapper/src/HAL/stm32yyxx_hal_dts.c.o
LOAD .pio/build/nucleo_f401re/SrcWrapper/src/HAL/stm32yyxx_hal_eth.c.o
LOAD .pio/build/nucleo_f401re/SrcWrapper/src/HAL/stm32yyxx_hal_eth_ex.c.o
LOAD .pio/build/nucleo_f401re/SrcWrapper/src/HAL/stm32yyxx_hal_exti.c.o
LOAD .pio/build/nucleo_f401re/SrcWrapper/src/HAL/stm32yyxx_hal_fdcan.c.o
LOAD .pio/build/nucleo_f401re/SrcWrapper/src/HAL/stm32yyxx_hal_firewall.c.o
LOAD .pio/build/nucleo_f401re/SrcWrapper/src/HAL/stm32yyxx_hal_flash.c.o
LOAD .pio/build/nucleo_f401re/SrcWrapper/src/HAL/stm32yyxx_hal_flash_ex.c.o
LOAD .pio/build/nucleo_f401re/SrcWrapper/src/HAL/stm32yyxx_hal_flash_ramfunc.c.o
LOAD .pio/build/nucleo_f401re/SrcWrapper/src/HAL/stm32yyxx_hal_fmac.c.o
LOAD .pio/build/nucleo_f401re/SrcWrapper/src/HAL/stm32yyxx_hal_fmpi2c.c.o
LOAD .pio/build/nucleo_f401re/SrcWrapper/src/HAL/stm32yyxx_hal_fmpi2c_ex.c.o
LOAD .pio/build/nucleo_f401re/SrcWrapper/src/HAL/stm32yyxx_hal_fmpsmbus.c.o
LOAD .pio/build/nucleo_f401re/SrcWrapper/src/HAL/stm32yyxx_hal_fmpsmbus_ex.c.o
LOAD .pio/build/nucleo_f401re/SrcWrapper/src/HAL/stm32yyxx_hal_gfxmmu.c.o
LOAD .pio/build/nucleo_f401re/SrcWrapper/src/HAL/stm32yyxx_hal_gfxtim.c.o
LOAD .pio/build/nucleo_f401re/SrcWrapper/src/HAL/stm32yyxx_hal_gpio.c.o
LOAD .pio/build/nucleo_f401re/SrcWrapper/src/HAL/stm32yyxx_hal_gpio_ex.c.o
LOAD .pio/build/nucleo_f401re/SrcWrapper/src/HAL/stm32yyxx_hal_gpu2d.c.o
LOAD .pio/build/nucleo_f401re/SrcWrapper/src/HAL/stm32yyxx_hal_gtzc.c.o
LOAD .pio/build/nucleo_f401re/SrcWrapper/src/HAL/stm32yyxx_hal_hash.c.o
LOAD .pio/build/nucleo_f401re/SrcWrapper/src/HAL/stm32yyxx_hal_hash_ex.c.o
LOAD .pio/build/nucleo_f401re/SrcWrapper/src/HAL/stm32yyxx_hal_hcd.c.o
LOAD .pio/build/nucleo_f401re/SrcWrapper/src/HAL/stm32yyxx_hal_hrtim.c.o
LOAD .pio/build/nucleo_f401re/SrcWrapper/src/HAL/stm32yyxx_hal_hsem.c.o
LOAD .pio/build/nucleo_f401re/SrcWrapper/src/HAL/stm32yyxx_hal_i2c.c.o
LOAD .pio/build/nucleo_f401re/SrcWrapper/src/HAL/stm32yyxx_hal_i2c_ex.c.o
LOAD .pio/build/nucleo_f401re/SrcWrapper/src/HAL/stm32yyxx_hal_i2s.c.o
LOAD .pio/build/nucleo_f401re/SrcWrapper/src/HAL/stm32yyxx_hal_i2s_ex.c.o
LOAD .pio/build/nucleo_f401re/SrcWrapper/src/HAL/stm32yyxx_hal_i3c.c.o
LOAD .pio/build/nucleo_f401re/SrcWrapper/src/HAL/stm32yyxx_hal_icache.c.o
LOAD .pio/build/nucleo_f401re/SrcWrapper/src/HAL/stm32yyxx_hal_ipcc.c.o
LOAD .pio/build/nucleo_f401re/SrcWrapper/src/HAL/stm32yyxx_hal_irda.c.o
LOAD .pio/build/nucleo_f401re/SrcWrapper/src/HAL/stm32yyxx_hal_iwdg.c.o
LOAD .pio/build/nucleo_f401re/SrcWrapper/src/HAL/stm32yyxx_hal_jpeg.c.o
LOAD .pio/build/nucleo_f401re/SrcWrapper/src/HAL/stm32yyxx_hal_lcd.c.o
LOAD .pio/build/nucleo_f401re/SrcWrapper/src/HAL/stm32yyxx_hal_lptim.c.o
LOAD .pio/build/nucleo_f401re/SrcWrapper/src/HAL/stm32yyxx_hal_ltdc.c.o
LOAD .pio/build/nucleo_f401re/SrcWrapper/src/HAL/stm32yyxx_hal_ltdc_ex.c.o
LOAD .pio/build/nucleo_f401re/SrcWrapper/src/HAL/stm32yyxx_hal_mdf.c.o
LOAD .pio/build/nucleo_f401re/SrcWrapper/src/HAL/stm32yyxx_hal_mdios.c.o
LOAD .pio/build/nucleo_f401re/SrcWrapper/src/HAL/stm32yyxx_hal_mdma.c.o
LOAD .pio/build/nucleo_f401re/SrcWrapper/src/HAL/stm32yyxx_hal_mmc.c.o
LOAD .pio/build/nucleo_f401re/SrcWrapper/src/HAL/stm32yyxx_hal_mmc_ex.c.o
LOAD .pio/build/nucleo_f401re/SrcWrapper/src/HAL/stm32yyxx_hal_nand.c.o
LOAD .pio/build/nucleo_f401re/SrcWrapper/src/HAL/stm32yyxx_hal_nor.c.o
LOAD .pio/build/nucleo_f401re/SrcWrapper/src/HAL/stm32yyxx_hal_opamp.c.o
LOAD .pio/build/nucleo_f401re/SrcWrapper/src/HAL/stm32yyxx_hal_opamp_ex.c.o
LOAD .pio/build/nucleo_f401re/SrcWrapper/src/HAL/stm32yyxx_hal_ospi.c.o
LOAD .pio/build/nucleo_f401re/SrcWrapper/src/HAL/stm32yyxx_hal_otfdec.c.o
LOAD .pio/build/nucleo_f401re/SrcWrapper/src/HAL/stm32yyxx_hal_pccard.c.o
LOAD .pio/build/nucleo_f401re/SrcWrapper/src/HAL/stm32yyxx_hal_pcd.c.o
LOAD .pio/build/nucleo_f401re/SrcWrapper/src/HAL/stm32yyxx_hal_pcd_ex.c.o
LOAD .pio/build/nucleo_f401re/SrcWrapper/src/HAL/stm32yyxx_hal_pka.c.o
LOAD .pio/build/nucleo_f401re/SrcWrapper/src/HAL/stm32yyxx_hal_pssi.c.o
LOAD .pio/build/nucleo_f401re/SrcWrapper/src/HAL/stm32yyxx_hal_pwr.c.o
LOAD .pio/build/nucleo_f401re/SrcWrapper/src/HAL/stm32yyxx_hal_pwr_ex.c.o
LOAD .pio/build/nucleo_f401re/SrcWrapper/src/HAL/stm32yyxx_hal_qspi.c.o
LOAD .pio/build/nucleo_f401re/SrcWrapper/src/HAL/stm32yyxx_hal_radio.c.o
LOAD .pio/build/nucleo_f401re/SrcWrapper/src/HAL/stm32yyxx_hal_radio_timer.c.o
LOAD .pio/build/nucleo_f401re/SrcWrapper/src/HAL/stm32yyxx_hal_ramcfg.c.o
LOAD .pio/build/nucleo_f401re/SrcWrapper/src/HAL/stm32yyxx_hal_ramecc.c.o
LOAD .pio/build/nucleo_f401re/SrcWrapper/src/HAL/stm32yyxx_hal_rcc.c.o
LOAD .pio/build/nucleo_f401re/SrcWrapper/src/HAL/stm32yyxx_hal_rcc_ex.c.o
LOAD .pio/build/nucleo_f401re/SrcWrapper/src/HAL/stm32yyxx_hal_rng.c.o
LOAD .pio/build/nucleo_f401re/SrcWrapper/src/HAL/stm32yyxx_hal_rng_ex.c.o
LOAD .pio/build/nucleo_f401re/SrcWrapper/src/HAL/stm32yyxx_hal_rtc.c.o
LOAD .pio/build/nucleo_f401re/SrcWrapper/src/HAL/stm32yyxx_hal_rtc_ex.c.o
LOAD .pio/build/nucleo_f401re/SrcWrapper/src/HAL/stm32yyxx_hal_sai.c.o
LOAD .pio/build/nucleo_f401re/SrcWrapper/src/HAL/stm32yyxx_hal_sai_ex.c.o
LOAD .pio/build/nucleo_f401re/SrcWrapper/src/HAL/stm32yyxx_hal_sd.c.o
LOAD .pio/build/nucleo_f401re/SrcWrapper/src/HAL/stm32yyxx_hal_sd_ex.c.o
LOAD .pio/build/nucleo_f401re/SrcWrapper/src/HAL/stm32yyxx_hal_sdadc.c.o
LOAD .pio/build/nucleo_f401re/SrcWrapper/src/HAL/stm32yyxx_hal_sdio.c.o
LOAD .pio/build/nucleo_f401re/SrcWrapper/src/HAL/stm32yyxx_hal_sdram.c.o
LOAD .pio/build/nucleo_f401re/SrcWrapper/src/HAL/stm32yyxx_hal_smartcard.c.o
LOAD .pio/build/nucleo_f401re/SrcWrapper/src/HAL/stm32yyxx_hal_smartcard_ex.c.o
LOAD .pio/build/nucleo_f401re/SrcWrapper/src/HAL/stm32yyxx_hal_smbus.c.o
LOAD .pio/build/nucleo_f401re/SrcWrapper/src/HAL/stm32yyxx_hal_smbus_ex.c.o
LOAD .pio/build/nucleo_f401re/SrcWrapper/src/HAL/stm32yyxx_hal_spdifrx.c.o
LOAD .pio/build/nucleo_f401re/SrcWrapper/src/HAL/stm32yyxx_hal_spi.c.o
LOAD .pio/build/nucleo_f401re/SrcWrapper/src/HAL/stm32yyxx_hal_spi_ex.c.o
LOAD .pio/build/nucleo_f401re/SrcWrapper/src/HAL/stm32yyxx_hal_sram.c.o
LOAD .pio/build/nucleo_f401re/SrcWrapper/src/HAL/stm32yyxx_hal_subghz.c.o
LOAD .pio/build/nucleo_f401re/SrcWrapper/src/HAL/stm32yyxx_hal_swpmi.c.o
LOAD .pio/build/nucleo_f401re/SrcWrapper/src/HAL/stm32yyxx_hal_tim.c.o
LOAD .pio/build/nucleo_f401re/SrcWrapper/src/HAL/stm32yyxx_hal_tim_ex.c.o
LOAD .pio/build/nucleo_f401re/SrcWrapper/src/HAL/stm32yyxx_hal_tsc.c.o
LOAD .pio/build/nucleo_f401re/SrcWrapper/src/HAL/stm32yyxx_hal_uart.c.o
LOAD .pio/build/nucleo_f401re/SrcWrapper/src/HAL/stm32yyxx_hal_uart_ex.c.o
LOAD .pio/build/nucleo_f401re/SrcWrapper/src/HAL/stm32yyxx_hal_usart.c.o
LOAD .pio/build/nucleo_f401re/SrcWrapper/src/HAL/stm32yyxx_hal_usart_ex.c.o
LOAD .pio/build/nucleo_f401re/SrcWrapper/src/HAL/stm32yyxx_hal_wwdg.c.o
LOAD .pio/build/nucleo_f401re/SrcWrapper/src/HAL/stm32yyxx_hal_xspi.c.o
LOAD .pio/build/nucleo_f401re/SrcWrapper/src/HardwareTimer.cpp.o
LOAD .pio/build/nucleo_f401re/SrcWrapper/src/LL/stm32yyxx_ll_adc.c.o
LOAD .pio/build/nucleo_f401re/SrcWrapper/src/LL/stm32yyxx_ll_bdma.c.o
LOAD .pio/build/nucleo_f401re/SrcWrapper/src/LL/stm32yyxx_ll_comp.c.o
LOAD .pio/build/nucleo_f401re/SrcWrapper/src/LL/stm32yyxx_ll_cordic.c.o
LOAD .pio/build/nucleo_f401re/SrcWrapper/src/LL/stm32yyxx_ll_crc.c.o
LOAD .pio/build/nucleo_f401re/SrcWrapper/src/LL/stm32yyxx_ll_crs.c.o
LOAD .pio/build/nucleo_f401re/SrcWrapper/src/LL/stm32yyxx_ll_dac.c.o
LOAD .pio/build/nucleo_f401re/SrcWrapper/src/LL/stm32yyxx_ll_delayblock.c.o
LOAD .pio/build/nucleo_f401re/SrcWrapper/src/LL/stm32yyxx_ll_dlyb.c.o
LOAD .pio/build/nucleo_f401re/SrcWrapper/src/LL/stm32yyxx_ll_dma.c.o
LOAD .pio/build/nucleo_f401re/SrcWrapper/src/LL/stm32yyxx_ll_dma2d.c.o
LOAD .pio/build/nucleo_f401re/SrcWrapper/src/LL/stm32yyxx_ll_exti.c.o
LOAD .pio/build/nucleo_f401re/SrcWrapper/src/LL/stm32yyxx_ll_fmac.c.o
LOAD .pio/build/nucleo_f401re/SrcWrapper/src/LL/stm32yyxx_ll_fmc.c.o
LOAD .pio/build/nucleo_f401re/SrcWrapper/src/LL/stm32yyxx_ll_fmpi2c.c.o
LOAD .pio/build/nucleo_f401re/SrcWrapper/src/LL/stm32yyxx_ll_fsmc.c.o
LOAD .pio/build/nucleo_f401re/SrcWrapper/src/LL/stm32yyxx_ll_gpio.c.o
LOAD .pio/build/nucleo_f401re/SrcWrapper/src/LL/stm32yyxx_ll_hrtim.c.o
LOAD .pio/build/nucleo_f401re/SrcWrapper/src/LL/stm32yyxx_ll_i2c.c.o
LOAD .pio/build/nucleo_f401re/SrcWrapper/src/LL/stm32yyxx_ll_i3c.c.o
LOAD .pio/build/nucleo_f401re/SrcWrapper/src/LL/stm32yyxx_ll_icache.c.o
LOAD .pio/build/nucleo_f401re/SrcWrapper/src/LL/stm32yyxx_ll_lpgpio.c.o
LOAD .pio/build/nucleo_f401re/SrcWrapper/src/LL/stm32yyxx_ll_lptim.c.o
LOAD .pio/build/nucleo_f401re/SrcWrapper/src/LL/stm32yyxx_ll_lpuart.c.o
LOAD .pio/build/nucleo_f401re/SrcWrapper/src/LL/stm32yyxx_ll_mdma.c.o
LOAD .pio/build/nucleo_f401re/SrcWrapper/src/LL/stm32yyxx_ll_opamp.c.o
LOAD .pio/build/nucleo_f401re/SrcWrapper/src/LL/stm32yyxx_ll_pka.c.o
LOAD .pio/build/nucleo_f401re/SrcWrapper/src/LL/stm32yyxx_ll_pwr.c.o
LOAD .pio/build/nucleo_f401re/SrcWrapper/src/LL/stm32yyxx_ll_rcc.c.o
LOAD .pio/build/nucleo_f401re/SrcWrapper/src/LL/stm32yyxx_ll_rng.c.o
LOAD .pio/build/nucleo_f401re/SrcWrapper/src/LL/stm32yyxx_ll_rtc.c.o
LOAD .pio/build/nucleo_f401re/SrcWrapper/src/LL/stm32yyxx_ll_sdmmc.c.o
LOAD .pio/build/nucleo_f401re/SrcWrapper/src/LL/stm32yyxx_ll_spi.c.o
LOAD .pio/build/nucleo_f401re/SrcWrapper/src/LL/stm32yyxx_ll_swpmi.c.o
LOAD .pio/build/nucleo_f401re/SrcWrapper/src/LL/stm32yyxx_ll_system.c.o
LOAD .pio/build/nucleo_f401re/SrcWrapper/src/LL/stm32yyxx_ll_tim.c.o
LOAD .pio/build/nucleo_f401re/SrcWrapper/src/LL/stm32yyxx_ll_ucpd.c.o
LOAD .pio/build/nucleo_f401re/SrcWrapper/src/LL/stm32yyxx_ll_usart.c.o
LOAD .pio/build/nucleo_f401re/SrcWrapper/src/LL/stm32yyxx_ll_usb.c.o
LOAD .pio/build/nucleo_f401re/SrcWrapper/src/LL/stm32yyxx_ll_utils.c.o
LOAD .pio/build/nucleo_f401re/SrcWrapper/src/new.cpp.o
LOAD .pio/build/nucleo_f401re/SrcWrapper/src/stm32/PortNames.c.o
LOAD .pio/build/nucleo_f401re/SrcWrapper/src/stm32/analog.cpp.o
LOAD .pio/build/nucleo_f401re/SrcWrapper/src/stm32/bootloader.c.o
LOAD .pio/build/nucleo_f401re/SrcWrapper/src/stm32/clock.c.o
LOAD .pio/build/nucleo_f401re/SrcWrapper/src/stm32/core_callback.c.o
LOAD .pio/build/nucleo_f401re/SrcWrapper/src/stm32/dwt.c.o
LOAD .pio/build/nucleo_f401re/SrcWrapper/src/stm32/hw_config.c.o
LOAD .pio/build/nucleo_f401re/SrcWrapper/src/stm32/interrupt.cpp.o
LOAD .pio/build/nucleo_f401re/SrcWrapper/src/stm32/otp.c.o
LOAD .pio/build/nucleo_f401re/SrcWrapper/src/stm32/pinmap.c.o
LOAD .pio/build/nucleo_f401re/SrcWrapper/src/stm32/stm32_def.c.o
LOAD .pio/build/nucleo_f401re/SrcWrapper/src/stm32/system_stm32yyxx.c.o
LOAD .pio/build/nucleo_f401re/SrcWrapper/src/stm32/timer.c.o
LOAD .pio/build/nucleo_f401re/SrcWrapper/src/stm32/uart.c.o
LOAD .pio/build/nucleo_f401re/SrcWrapper/src/syscalls.c.o
LOAD .pio/build/nucleo_f401re/lib40d/STM32duino FreeRTOS/FreeRTOS/Source/croutine.c.o
LOAD .pio/build/nucleo_f401re/lib40d/STM32duino FreeRTOS/FreeRTOS/Source/event_groups.c.o
LOAD .pio/build/nucleo_f401re/lib40d/STM32duino FreeRTOS/FreeRTOS/Source/list.c.o
LOAD .pio/build/nucleo_f401re/lib40d/STM32duino FreeRTOS/FreeRTOS/Source/queue.c.o
LOAD .pio/build/nucleo_f401re/lib40d/STM32duino FreeRTOS/FreeRTOS/Source/stream_buffer.c.o
LOAD .pio/build/nucleo_f401re/lib40d/STM32duino FreeRTOS/FreeRTOS/Source/tasks.c.o
LOAD .pio/build/nucleo_f401re/lib40d/STM32duino FreeRTOS/FreeRTOS/Source/timers.c.o
LOAD .pio/build/nucleo_f401re/lib40d/STM32duino FreeRTOS/STM32FreeRTOS.c.o
LOAD .pio/build/nucleo_f401re/lib40d/STM32duino FreeRTOS/cmsis_os.c.o
LOAD .pio/build/nucleo_f401re/lib40d/STM32duino FreeRTOS/heap.c.o
LOAD .pio/build/nucleo_f401re/lib40d/STM32duino FreeRTOS/mpu_wrappers.c.o
LOAD .pio/build/nucleo_f401re/lib40d/STM32duino FreeRTOS/port.c.o
LOAD .pio/build/nucleo_f401re/lib40d/STM32duino FreeRTOS/portasm.c.o
LOAD .pio/build/nucleo_f401re/src/main.cpp.o
START GROUP
LOAD .pio/build/nucleo_f401re/libFrameworkArduino.a
LOAD c:/users/razie/.platformio/packages/toolchain-gccarmnoneeabi/bin/../lib/gcc/arm-none-eabi/12.3.1/thumb/v7e-m+fp/hard\libgcc.a
LOAD c:/users/razie/.platformio/packages/toolchain-gccarmnoneeabi/bin/../lib/gcc/arm-none-eabi/12.3.1/../../../../arm-none-eabi/lib/thumb/v7e-m+fp/hard\libstdc++_nano.a
END GROUP
LOAD c:/users/razie/.platformio/packages/toolchain-gccarmnoneeabi/bin/../lib/gcc/arm-none-eabi/12.3.1/../../../../arm-none-eabi/lib/thumb/v7e-m+fp/hard\libstdc++_nano.a
LOAD c:/users/razie/.platformio/packages/toolchain-gccarmnoneeabi/bin/../lib/gcc/arm-none-eabi/12.3.1/../../../../arm-none-eabi/lib/thumb/v7e-m+fp/hard\libm.a
LOAD c:/users/razie/.platformio/packages/toolchain-gccarmnoneeabi/bin/../lib/gcc/arm-none-eabi/12.3.1/../../../../arm-none-eabi/lib/thumb/v7e-m+fp/hard\libc_nano.a
START GROUP
LOAD c:/users/razie/.platformio/packages/toolchain-gccarmnoneeabi/bin/../lib/gcc/arm-none-eabi/12.3.1/thumb/v7e-m+fp/hard\libgcc.a
LOAD c:/users/razie/.platformio/packages/toolchain-gccarmnoneeabi/bin/../lib/gcc/arm-none-eabi/12.3.1/../../../../arm-none-eabi/lib/thumb/v7e-m+fp/hard\libc_nano.a
END GROUP
START GROUP
LOAD c:/users/razie/.platformio/packages/toolchain-gccarmnoneeabi/bin/../lib/gcc/arm-none-eabi/12.3.1/thumb/v7e-m+fp/hard\libgcc.a
LOAD c:/users/razie/.platformio/packages/toolchain-gccarmnoneeabi/bin/../lib/gcc/arm-none-eabi/12.3.1/../../../../arm-none-eabi/lib/thumb/v7e-m+fp/hard\libc_nano.a
END GROUP
LOAD c:/users/razie/.platformio/packages/toolchain-gccarmnoneeabi/bin/../lib/gcc/arm-none-eabi/12.3.1/thumb/v7e-m+fp/hard/crtend.o
LOAD c:/users/razie/.platformio/packages/toolchain-gccarmnoneeabi/bin/../lib/gcc/arm-none-eabi/12.3.1/thumb/v7e-m+fp/hard/crtn.o

.noinit         0x2000055c        0x0
                0x2000055c                        . = ALIGN (0x4)
                0x2000055c                        _snoinit = .
 *(.noinit)
 *(.noinit*)
                0x2000055c                        . = ALIGN (0x4)
                0x2000055c                        _enoinit = .

._user_heap_stack
                0x2000055c      0x604
                0x20000560                        . = ALIGN (0x8)
 *fill*         0x2000055c        0x4 
                0x20000560                        PROVIDE (end = .)
                0x20000560                        PROVIDE (_end = .)
                0x20000760                        . = (. + _Min_Heap_Size)
 *fill*         0x20000560      0x200 
                0x20000b60                        . = (. + _Min_Stack_Size)
 *fill*         0x20000760      0x400 
                0x20000b60                        . = ALIGN (0x8)

/DISCARD/
 libc.a(*)
 libm.a(*)
 libgcc.a(*)

.ARM.attributes
                0x00000000       0x30
 *(.ARM.attributes)
 .ARM.attributes
                0x00000000       0x22 c:/users/razie/.platformio/packages/toolchain-gccarmnoneeabi/bin/../lib/gcc/arm-none-eabi/12.3.1/thumb/v7e-m+fp/hard/crti.o
 .ARM.attributes
                0x00000022       0x34 c:/users/razie/.platformio/packages/toolchain-gccarmnoneeabi/bin/../lib/gcc/arm-none-eabi/12.3.1/thumb/v7e-m+fp/hard/crtbegin.o
 .ARM.attributes
                0x00000056       0x34 .pio/build/nucleo_f401re/FrameworkArduinoVariant/PeripheralPins.c.o
 .ARM.attributes
                0x0000008a       0x34 .pio/build/nucleo_f401re/FrameworkArduinoVariant/variant_NUCLEO_F401RE.cpp.o
 .ARM.attributes
                0x000000be       0x34 .pio/build/nucleo_f401re/SrcWrapper/src/HAL/stm32yyxx_hal.c.o
 .ARM.attributes
                0x000000f2       0x34 .pio/build/nucleo_f401re/SrcWrapper/src/HAL/stm32yyxx_hal_cortex.c.o
 .ARM.attributes
                0x00000126       0x34 .pio/build/nucleo_f401re/SrcWrapper/src/HAL/stm32yyxx_hal_crc.c.o
 .ARM.attributes
                0x0000015a       0x34 .pio/build/nucleo_f401re/SrcWrapper/src/HAL/stm32yyxx_hal_dma.c.o
 .ARM.attributes
                0x0000018e       0x34 .pio/build/nucleo_f401re/SrcWrapper/src/HAL/stm32yyxx_hal_gpio.c.o
 .ARM.attributes
                0x000001c2       0x34 .pio/build/nucleo_f401re/SrcWrapper/src/HAL/stm32yyxx_hal_rcc.c.o
 .ARM.attributes
                0x000001f6       0x34 .pio/build/nucleo_f401re/SrcWrapper/src/HAL/stm32yyxx_hal_tim.c.o
 .ARM.attributes
                0x0000022a       0x34 .pio/build/nucleo_f401re/SrcWrapper/src/HAL/stm32yyxx_hal_tim_ex.c.o
 .ARM.attributes
                0x0000025e       0x34 .pio/build/nucleo_f401re/SrcWrapper/src/HAL/stm32yyxx_hal_uart.c.o
 .ARM.attributes
                0x00000292       0x34 .pio/build/nucleo_f401re/SrcWrapper/src/HardwareTimer.cpp.o
 .ARM.attributes
                0x000002c6       0x34 .pio/build/nucleo_f401re/SrcWrapper/src/new.cpp.o
 .ARM.attributes
                0x000002fa       0x34 .pio/build/nucleo_f401re/SrcWrapper/src/stm32/PortNames.c.o
 .ARM.attributes
                0x0000032e       0x34 .pio/build/nucleo_f401re/SrcWrapper/src/stm32/analog.cpp.o
 .ARM.attributes
                0x00000362       0x34 .pio/build/nucleo_f401re/SrcWrapper/src/stm32/clock.c.o
 .ARM.attributes
                0x00000396       0x34 .pio/build/nucleo_f401re/SrcWrapper/src/stm32/dwt.c.o
 .ARM.attributes
                0x000003ca       0x34 .pio/build/nucleo_f401re/SrcWrapper/src/stm32/hw_config.c.o
 .ARM.attributes
                0x000003fe       0x34 .pio/build/nucleo_f401re/SrcWrapper/src/stm32/interrupt.cpp.o
 .ARM.attributes
                0x00000432       0x34 .pio/build/nucleo_f401re/SrcWrapper/src/stm32/pinmap.c.o
 .ARM.attributes
                0x00000466       0x34 .pio/build/nucleo_f401re/SrcWrapper/src/stm32/system_stm32yyxx.c.o
 .ARM.attributes
                0x0000049a       0x34 .pio/build/nucleo_f401re/SrcWrapper/src/stm32/timer.c.o
 .ARM.attributes
                0x000004ce       0x34 .pio/build/nucleo_f401re/SrcWrapper/src/stm32/uart.c.o
 .ARM.attributes
                0x00000502       0x34 .pio/build/nucleo_f401re/SrcWrapper/src/syscalls.c.o
 .ARM.attributes
                0x00000536       0x34 .pio/build/nucleo_f401re/lib40d/STM32duino FreeRTOS/FreeRTOS/Source/list.c.o
 .ARM.attributes
                0x0000056a       0x34 .pio/build/nucleo_f401re/lib40d/STM32duino FreeRTOS/FreeRTOS/Source/tasks.c.o
 .ARM.attributes
                0x0000059e       0x34 .pio/build/nucleo_f401re/lib40d/STM32duino FreeRTOS/STM32FreeRTOS.c.o
 .ARM.attributes
                0x000005d2       0x34 .pio/build/nucleo_f401re/lib40d/STM32duino FreeRTOS/cmsis_os.c.o
 .ARM.attributes
                0x00000606       0x34 .pio/build/nucleo_f401re/lib40d/STM32duino FreeRTOS/heap.c.o
 .ARM.attributes
                0x0000063a       0x34 .pio/build/nucleo_f401re/lib40d/STM32duino FreeRTOS/port.c.o
 .ARM.attributes
                0x0000066e       0x34 .pio/build/nucleo_f401re/src/main.cpp.o
 .ARM.attributes
                0x000006a2       0x34 .pio/build/nucleo_f401re/libFrameworkArduino.a(main.cpp.o)
 .ARM.attributes
                0x000006d6       0x21 .pio/build/nucleo_f401re/libFrameworkArduino.a(startup_stm32yyxx.S.o)
 .ARM.attributes
                0x000006f7       0x34 .pio/build/nucleo_f401re/libFrameworkArduino.a(wiring_digital.c.o)
 .ARM.attributes
                0x0000072b       0x34 .pio/build/nucleo_f401re/libFrameworkArduino.a(WSerial.cpp.o)
 .ARM.attributes
                0x0000075f       0x34 .pio/build/nucleo_f401re/libFrameworkArduino.a(board.c.o)
 .ARM.attributes
                0x00000793       0x34 .pio/build/nucleo_f401re/libFrameworkArduino.a(wiring_analog.c.o)
 .ARM.attributes
                0x000007c7       0x34 .pio/build/nucleo_f401re/libFrameworkArduino.a(HardwareSerial.cpp.o)
 .ARM.attributes
                0x000007fb       0x34 .pio/build/nucleo_f401re/libFrameworkArduino.a(Stream.cpp.o)
 .ARM.attributes
                0x0000082f       0x34 .pio/build/nucleo_f401re/libFrameworkArduino.a(wiring_time.c.o)
 .ARM.attributes
                0x00000863       0x22 c:/users/razie/.platformio/packages/toolchain-gccarmnoneeabi/bin/../lib/gcc/arm-none-eabi/12.3.1/thumb/v7e-m+fp/hard\libgcc.a(_aeabi_uldivmod.o)
 .ARM.attributes
                0x00000885       0x34 c:/users/razie/.platformio/packages/toolchain-gccarmnoneeabi/bin/../lib/gcc/arm-none-eabi/12.3.1/thumb/v7e-m+fp/hard\libgcc.a(_udivmoddi4.o)
 .ARM.attributes
                0x000008b9       0x22 c:/users/razie/.platformio/packages/toolchain-gccarmnoneeabi/bin/../lib/gcc/arm-none-eabi/12.3.1/thumb/v7e-m+fp/hard\libgcc.a(_dvmd_tls.o)
 .ARM.attributes
                0x000008db       0x34 c:/users/razie/.platformio/packages/toolchain-gccarmnoneeabi/bin/../lib/gcc/arm-none-eabi/12.3.1/../../../../arm-none-eabi/lib/thumb/v7e-m+fp/hard\libstdc++_nano.a(functional.o)
 .ARM.attributes
                0x0000090f       0x34 c:/users/razie/.platformio/packages/toolchain-gccarmnoneeabi/bin/../lib/gcc/arm-none-eabi/12.3.1/../../../../arm-none-eabi/lib/thumb/v7e-m+fp/hard\libc_nano.a(libc_a-abort.o)
 .ARM.attributes
                0x00000943       0x34 c:/users/razie/.platformio/packages/toolchain-gccarmnoneeabi/bin/../lib/gcc/arm-none-eabi/12.3.1/../../../../arm-none-eabi/lib/thumb/v7e-m+fp/hard\libc_nano.a(libc_a-malloc.o)
 .ARM.attributes
                0x00000977       0x34 c:/users/razie/.platformio/packages/toolchain-gccarmnoneeabi/bin/../lib/gcc/arm-none-eabi/12.3.1/../../../../arm-none-eabi/lib/thumb/v7e-m+fp/hard\libc_nano.a(libc_a-mallocr.o)
 .ARM.attributes
                0x000009ab       0x34 c:/users/razie/.platformio/packages/toolchain-gccarmnoneeabi/bin/../lib/gcc/arm-none-eabi/12.3.1/../../../../arm-none-eabi/lib/thumb/v7e-m+fp/hard\libc_nano.a(libc_a-findfp.o)
 .ARM.attributes
                0x000009df       0x34 c:/users/razie/.platformio/packages/toolchain-gccarmnoneeabi/bin/../lib/gcc/arm-none-eabi/12.3.1/../../../../arm-none-eabi/lib/thumb/v7e-m+fp/hard\libc_nano.a(libc_a-memset.o)
 .ARM.attributes
                0x00000a13       0x34 c:/users/razie/.platformio/packages/toolchain-gccarmnoneeabi/bin/../lib/gcc/arm-none-eabi/12.3.1/../../../../arm-none-eabi/lib/thumb/v7e-m+fp/hard\libc_nano.a(libc_a-signal.o)
 .ARM.attributes
                0x00000a47       0x34 c:/users/razie/.platformio/packages/toolchain-gccarmnoneeabi/bin/../lib/gcc/arm-none-eabi/12.3.1/../../../../arm-none-eabi/lib/thumb/v7e-m+fp/hard\libc_nano.a(libc_a-reent.o)
 .ARM.attributes
                0x00000a7b       0x34 c:/users/razie/.platformio/packages/toolchain-gccarmnoneeabi/bin/../lib/gcc/arm-none-eabi/12.3.1/../../../../arm-none-eabi/lib/thumb/v7e-m+fp/hard\libc_nano.a(libc_a-impure.o)
 .ARM.attributes
                0x00000aaf       0x34 c:/users/razie/.platformio/packages/toolchain-gccarmnoneeabi/bin/../lib/gcc/arm-none-eabi/12.3.1/../../../../arm-none-eabi/lib/thumb/v7e-m+fp/hard\libc_nano.a(libc_a-signalr.o)
 .ARM.attributes
                0x00000ae3       0x34 c:/users/razie/.platformio/packages/toolchain-gccarmnoneeabi/bin/../lib/gcc/arm-none-eabi/12.3.1/../../../../arm-none-eabi/lib/thumb/v7e-m+fp/hard\libc_nano.a(libc_a-init.o)
 .ARM.attributes
                0x00000b17       0x34 c:/users/razie/.platformio/packages/toolchain-gccarmnoneeabi/bin/../lib/gcc/arm-none-eabi/12.3.1/../../../../arm-none-eabi/lib/thumb/v7e-m+fp/hard\libc_nano.a(libc_a-memcpy-stub.o)
 .ARM.attributes
                0x00000b4b       0x34 c:/users/razie/.platformio/packages/toolchain-gccarmnoneeabi/bin/../lib/gcc/arm-none-eabi/12.3.1/../../../../arm-none-eabi/lib/thumb/v7e-m+fp/hard\libc_nano.a(libc_a-freer.o)
 .ARM.attributes
                0x00000b7f       0x22 c:/users/razie/.platformio/packages/toolchain-gccarmnoneeabi/bin/../lib/gcc/arm-none-eabi/12.3.1/thumb/v7e-m+fp/hard/crtn.o
OUTPUT(.pio/build/nucleo_f401re/firmware.elf elf32-littlearm)
LOAD linker stubs
LOAD c:/users/razie/.platformio/packages/toolchain-gccarmnoneeabi/bin/../lib/gcc/arm-none-eabi/12.3.1/../../../../arm-none-eabi/lib/thumb/v7e-m+fp/hard\libc.a
LOAD c:/users/razie/.platformio/packages/toolchain-gccarmnoneeabi/bin/../lib/gcc/arm-none-eabi/12.3.1/../../../../arm-none-eabi/lib/thumb/v7e-m+fp/hard\libm.a
LOAD c:/users/razie/.platformio/packages/toolchain-gccarmnoneeabi/bin/../lib/gcc/arm-none-eabi/12.3.1/thumb/v7e-m+fp/hard\libgcc.a

.comment        0x00000000       0x39
 .comment       0x00000000       0x39 c:/users/razie/.platformio/packages/toolchain-gccarmnoneeabi/bin/../lib/gcc/arm-none-eabi/12.3.1/thumb/v7e-m+fp/hard/crtbegin.o
                                 0x3a (size before relaxing)
 .comment       0x00000039       0x3a .pio/build/nucleo_f401re/FrameworkArduinoVariant/PeripheralPins.c.o
 .comment       0x00000039       0x3a .pio/build/nucleo_f401re/FrameworkArduinoVariant/variant_NUCLEO_F401RE.cpp.o
 .comment       0x00000039       0x3a .pio/build/nucleo_f401re/SrcWrapper/src/HAL/stm32yyxx_hal.c.o
 .comment       0x00000039       0x3a .pio/build/nucleo_f401re/SrcWrapper/src/HAL/stm32yyxx_hal_cortex.c.o
 .comment       0x00000039       0x3a .pio/build/nucleo_f401re/SrcWrapper/src/HAL/stm32yyxx_hal_crc.c.o
 .comment       0x00000039       0x3a .pio/build/nucleo_f401re/SrcWrapper/src/HAL/stm32yyxx_hal_dma.c.o
 .comment       0x00000039       0x3a .pio/build/nucleo_f401re/SrcWrapper/src/HAL/stm32yyxx_hal_gpio.c.o
 .comment       0x00000039       0x3a .pio/build/nucleo_f401re/SrcWrapper/src/HAL/stm32yyxx_hal_rcc.c.o
 .comment       0x00000039       0x3a .pio/build/nucleo_f401re/SrcWrapper/src/HAL/stm32yyxx_hal_tim.c.o
 .comment       0x00000039       0x3a .pio/build/nucleo_f401re/SrcWrapper/src/HAL/stm32yyxx_hal_tim_ex.c.o
 .comment       0x00000039       0x3a .pio/build/nucleo_f401re/SrcWrapper/src/HAL/stm32yyxx_hal_uart.c.o
 .comment       0x00000039       0x3a .pio/build/nucleo_f401re/SrcWrapper/src/HardwareTimer.cpp.o
 .comment       0x00000039       0x3a .pio/build/nucleo_f401re/SrcWrapper/src/new.cpp.o
 .comment       0x00000039       0x3a .pio/build/nucleo_f401re/SrcWrapper/src/stm32/PortNames.c.o
 .comment       0x00000039       0x3a .pio/build/nucleo_f401re/SrcWrapper/src/stm32/analog.cpp.o
 .comment       0x00000039       0x3a .pio/build/nucleo_f401re/SrcWrapper/src/stm32/clock.c.o
 .comment       0x00000039       0x3a .pio/build/nucleo_f401re/SrcWrapper/src/stm32/dwt.c.o
 .comment       0x00000039       0x3a .pio/build/nucleo_f401re/SrcWrapper/src/stm32/hw_config.c.o
 .comment       0x00000039       0x3a .pio/build/nucleo_f401re/SrcWrapper/src/stm32/interrupt.cpp.o
 .comment       0x00000039       0x3a .pio/build/nucleo_f401re/SrcWrapper/src/stm32/pinmap.c.o
 .comment       0x00000039       0x3a .pio/build/nucleo_f401re/SrcWrapper/src/stm32/system_stm32yyxx.c.o
 .comment       0x00000039       0x3a .pio/build/nucleo_f401re/SrcWrapper/src/stm32/timer.c.o
 .comment       0x00000039       0x3a .pio/build/nucleo_f401re/SrcWrapper/src/stm32/uart.c.o
 .comment       0x00000039       0x3a .pio/build/nucleo_f401re/SrcWrapper/src/syscalls.c.o
 .comment       0x00000039       0x3a .pio/build/nucleo_f401re/lib40d/STM32duino FreeRTOS/FreeRTOS/Source/list.c.o
 .comment       0x00000039       0x3a .pio/build/nucleo_f401re/lib40d/STM32duino FreeRTOS/FreeRTOS/Source/tasks.c.o
 .comment       0x00000039       0x3a .pio/build/nucleo_f401re/lib40d/STM32duino FreeRTOS/STM32FreeRTOS.c.o
 .comment       0x00000039       0x3a .pio/build/nucleo_f401re/lib40d/STM32duino FreeRTOS/cmsis_os.c.o
 .comment       0x00000039       0x3a .pio/build/nucleo_f401re/lib40d/STM32duino FreeRTOS/heap.c.o
 .comment       0x00000039       0x3a .pio/build/nucleo_f401re/lib40d/STM32duino FreeRTOS/port.c.o
 .comment       0x00000039       0x3a .pio/build/nucleo_f401re/src/main.cpp.o
 .comment       0x00000039       0x3a .pio/build/nucleo_f401re/libFrameworkArduino.a(main.cpp.o)
 .comment       0x00000039       0x3a .pio/build/nucleo_f401re/libFrameworkArduino.a(wiring_digital.c.o)
 .comment       0x00000039       0x3a .pio/build/nucleo_f401re/libFrameworkArduino.a(WSerial.cpp.o)
 .comment       0x00000039       0x3a .pio/build/nucleo_f401re/libFrameworkArduino.a(board.c.o)
 .comment       0x00000039       0x3a .pio/build/nucleo_f401re/libFrameworkArduino.a(wiring_analog.c.o)
 .comment       0x00000039       0x3a .pio/build/nucleo_f401re/libFrameworkArduino.a(HardwareSerial.cpp.o)
 .comment       0x00000039       0x3a .pio/build/nucleo_f401re/libFrameworkArduino.a(Stream.cpp.o)
 .comment       0x00000039       0x3a .pio/build/nucleo_f401re/libFrameworkArduino.a(wiring_time.c.o)
 .comment       0x00000039       0x3a c:/users/razie/.platformio/packages/toolchain-gccarmnoneeabi/bin/../lib/gcc/arm-none-eabi/12.3.1/thumb/v7e-m+fp/hard\libgcc.a(_udivmoddi4.o)
 .comment       0x00000039       0x3a c:/users/razie/.platformio/packages/toolchain-gccarmnoneeabi/bin/../lib/gcc/arm-none-eabi/12.3.1/../../../../arm-none-eabi/lib/thumb/v7e-m+fp/hard\libstdc++_nano.a(functional.o)
 .comment       0x00000039       0x3a c:/users/razie/.platformio/packages/toolchain-gccarmnoneeabi/bin/../lib/gcc/arm-none-eabi/12.3.1/../../../../arm-none-eabi/lib/thumb/v7e-m+fp/hard\libc_nano.a(libc_a-abort.o)
 .comment       0x00000039       0x3a c:/users/razie/.platformio/packages/toolchain-gccarmnoneeabi/bin/../lib/gcc/arm-none-eabi/12.3.1/../../../../arm-none-eabi/lib/thumb/v7e-m+fp/hard\libc_nano.a(libc_a-malloc.o)
 .comment       0x00000039       0x3a c:/users/razie/.platformio/packages/toolchain-gccarmnoneeabi/bin/../lib/gcc/arm-none-eabi/12.3.1/../../../../arm-none-eabi/lib/thumb/v7e-m+fp/hard\libc_nano.a(libc_a-mallocr.o)
 .comment       0x00000039       0x3a c:/users/razie/.platformio/packages/toolchain-gccarmnoneeabi/bin/../lib/gcc/arm-none-eabi/12.3.1/../../../../arm-none-eabi/lib/thumb/v7e-m+fp/hard\libc_nano.a(libc_a-findfp.o)
 .comment       0x00000039       0x3a c:/users/razie/.platformio/packages/toolchain-gccarmnoneeabi/bin/../lib/gcc/arm-none-eabi/12.3.1/../../../../arm-none-eabi/lib/thumb/v7e-m+fp/hard\libc_nano.a(libc_a-memset.o)
 .comment       0x00000039       0x3a c:/users/razie/.platformio/packages/toolchain-gccarmnoneeabi/bin/../lib/gcc/arm-none-eabi/12.3.1/../../../../arm-none-eabi/lib/thumb/v7e-m+fp/hard\libc_nano.a(libc_a-signal.o)
 .comment       0x00000039       0x3a c:/users/razie/.platformio/packages/toolchain-gccarmnoneeabi/bin/../lib/gcc/arm-none-eabi/12.3.1/../../../../arm-none-eabi/lib/thumb/v7e-m+fp/hard\libc_nano.a(libc_a-reent.o)
 .comment       0x00000039       0x3a c:/users/razie/.platformio/packages/toolchain-gccarmnoneeabi/bin/../lib/gcc/arm-none-eabi/12.3.1/../../../../arm-none-eabi/lib/thumb/v7e-m+fp/hard\libc_nano.a(libc_a-impure.o)
 .comment       0x00000039       0x3a c:/users/razie/.platformio/packages/toolchain-gccarmnoneeabi/bin/../lib/gcc/arm-none-eabi/12.3.1/../../../../arm-none-eabi/lib/thumb/v7e-m+fp/hard\libc_nano.a(libc_a-signalr.o)
 .comment       0x00000039       0x3a c:/users/razie/.platformio/packages/toolchain-gccarmnoneeabi/bin/../lib/gcc/arm-none-eabi/12.3.1/../../../../arm-none-eabi/lib/thumb/v7e-m+fp/hard\libc_nano.a(libc_a-init.o)
 .comment       0x00000039       0x3a c:/users/razie/.platformio/packages/toolchain-gccarmnoneeabi/bin/../lib/gcc/arm-none-eabi/12.3.1/../../../../arm-none-eabi/lib/thumb/v7e-m+fp/hard\libc_nano.a(libc_a-memcpy-stub.o)
 .comment       0x00000039       0x3a c:/users/razie/.platformio/packages/toolchain-gccarmnoneeabi/bin/../lib/gcc/arm-none-eabi/12.3.1/../../../../arm-none-eabi/lib/thumb/v7e-m+fp/hard\libc_nano.a(libc_a-freer.o)

.debug_line     0x00000000      0x649
 .debug_line    0x00000000       0x4e c:/users/razie/.platformio/packages/toolchain-gccarmnoneeabi/bin/../lib/gcc/arm-none-eabi/12.3.1/thumb/v7e-m+fp/hard\libgcc.a(_aeabi_uldivmod.o)
 .debug_line    0x0000004e      0x5b1 c:/users/razie/.platformio/packages/toolchain-gccarmnoneeabi/bin/../lib/gcc/arm-none-eabi/12.3.1/thumb/v7e-m+fp/hard\libgcc.a(_udivmoddi4.o)
 .debug_line    0x000005ff       0x4a c:/users/razie/.platformio/packages/toolchain-gccarmnoneeabi/bin/../lib/gcc/arm-none-eabi/12.3.1/thumb/v7e-m+fp/hard\libgcc.a(_dvmd_tls.o)

.debug_line_str
                0x00000000      0x11e
 .debug_line_str
                0x00000000      0x112 c:/users/razie/.platformio/packages/toolchain-gccarmnoneeabi/bin/../lib/gcc/arm-none-eabi/12.3.1/thumb/v7e-m+fp/hard\libgcc.a(_aeabi_uldivmod.o)
 .debug_line_str
                0x00000112        0xc c:/users/razie/.platformio/packages/toolchain-gccarmnoneeabi/bin/../lib/gcc/arm-none-eabi/12.3.1/thumb/v7e-m+fp/hard\libgcc.a(_dvmd_tls.o)
                                0x116 (size before relaxing)

.debug_info     0x00000000      0x75d
 .debug_info    0x00000000       0x24 c:/users/razie/.platformio/packages/toolchain-gccarmnoneeabi/bin/../lib/gcc/arm-none-eabi/12.3.1/thumb/v7e-m+fp/hard\libgcc.a(_aeabi_uldivmod.o)
 .debug_info    0x00000024      0x6fd c:/users/razie/.platformio/packages/toolchain-gccarmnoneeabi/bin/../lib/gcc/arm-none-eabi/12.3.1/thumb/v7e-m+fp/hard\libgcc.a(_udivmoddi4.o)
 .debug_info    0x00000721       0x3c c:/users/razie/.platformio/packages/toolchain-gccarmnoneeabi/bin/../lib/gcc/arm-none-eabi/12.3.1/thumb/v7e-m+fp/hard\libgcc.a(_dvmd_tls.o)

.debug_abbrev   0x00000000      0x1a4
 .debug_abbrev  0x00000000       0x14 c:/users/razie/.platformio/packages/toolchain-gccarmnoneeabi/bin/../lib/gcc/arm-none-eabi/12.3.1/thumb/v7e-m+fp/hard\libgcc.a(_aeabi_uldivmod.o)
 .debug_abbrev  0x00000014      0x16a c:/users/razie/.platformio/packages/toolchain-gccarmnoneeabi/bin/../lib/gcc/arm-none-eabi/12.3.1/thumb/v7e-m+fp/hard\libgcc.a(_udivmoddi4.o)
 .debug_abbrev  0x0000017e       0x26 c:/users/razie/.platformio/packages/toolchain-gccarmnoneeabi/bin/../lib/gcc/arm-none-eabi/12.3.1/thumb/v7e-m+fp/hard\libgcc.a(_dvmd_tls.o)

.debug_aranges  0x00000000       0x60
 .debug_aranges
                0x00000000       0x20 c:/users/razie/.platformio/packages/toolchain-gccarmnoneeabi/bin/../lib/gcc/arm-none-eabi/12.3.1/thumb/v7e-m+fp/hard\libgcc.a(_aeabi_uldivmod.o)
 .debug_aranges
                0x00000020       0x20 c:/users/razie/.platformio/packages/toolchain-gccarmnoneeabi/bin/../lib/gcc/arm-none-eabi/12.3.1/thumb/v7e-m+fp/hard\libgcc.a(_udivmoddi4.o)
 .debug_aranges
                0x00000040       0x20 c:/users/razie/.platformio/packages/toolchain-gccarmnoneeabi/bin/../lib/gcc/arm-none-eabi/12.3.1/thumb/v7e-m+fp/hard\libgcc.a(_dvmd_tls.o)

.debug_str      0x00000000      0x7da
 .debug_str     0x00000000      0x120 c:/users/razie/.platformio/packages/toolchain-gccarmnoneeabi/bin/../lib/gcc/arm-none-eabi/12.3.1/thumb/v7e-m+fp/hard\libgcc.a(_aeabi_uldivmod.o)
 .debug_str     0x00000120      0x62f c:/users/razie/.platformio/packages/toolchain-gccarmnoneeabi/bin/../lib/gcc/arm-none-eabi/12.3.1/thumb/v7e-m+fp/hard\libgcc.a(_udivmoddi4.o)
                                0x72a (size before relaxing)
 .debug_str     0x0000074f       0x8b c:/users/razie/.platformio/packages/toolchain-gccarmnoneeabi/bin/../lib/gcc/arm-none-eabi/12.3.1/thumb/v7e-m+fp/hard\libgcc.a(_dvmd_tls.o)
                                0x140 (size before relaxing)

.debug_frame    0x00000000       0x60
 .debug_frame   0x00000000       0x2c c:/users/razie/.platformio/packages/toolchain-gccarmnoneeabi/bin/../lib/gcc/arm-none-eabi/12.3.1/thumb/v7e-m+fp/hard\libgcc.a(_aeabi_uldivmod.o)
 .debug_frame   0x0000002c       0x34 c:/users/razie/.platformio/packages/toolchain-gccarmnoneeabi/bin/../lib/gcc/arm-none-eabi/12.3.1/thumb/v7e-m+fp/hard\libgcc.a(_udivmoddi4.o)

.debug_loclists
                0x00000000      0x984
 .debug_loclists
                0x00000000      0x984 c:/users/razie/.platformio/packages/toolchain-gccarmnoneeabi/bin/../lib/gcc/arm-none-eabi/12.3.1/thumb/v7e-m+fp/hard\libgcc.a(_udivmoddi4.o)

.debug_rnglists
                0x00000000       0x9b
 .debug_rnglists
                0x00000000       0x9b c:/users/razie/.platformio/packages/toolchain-gccarmnoneeabi/bin/../lib/gcc/arm-none-eabi/12.3.1/thumb/v7e-m+fp/hard\libgcc.a(_udivmoddi4.o)
